[2026-07-03 23:04:55.311] [INFO] ========== 打包任务开始 ==========
[2026-07-03 23:04:55.326] [INFO] 正在检测项目路径...
[2026-07-03 23:04:55.330] [INFO] 项目根目录: E:\SHIO\LanguageStudySystem\EnglishStudySystem  ✓
[2026-07-03 23:04:55.331] [INFO] 历史归档目录: E:\SHIO\LanguageStudySystem\ESS_history  ✓
[2026-07-03 23:04:55.333] [INFO] Inno Setup 脚本文件: E:\SHIO\EnglishStudySystem_Setup.iss  ✓
[2026-07-03 23:04:55.337] [INFO] 正在自动检测 Inno Setup 安装路径...
[2026-07-03 23:04:55.339] [INFO] 在固定路径找到 Inno Setup: E:\SHIO\inno\Inno Setup 6\ISCC.exe
[2026-07-03 23:04:55.341] [SUCCESS] Inno Setup 路径: E:\SHIO\inno\Inno Setup 6\ISCC.exe
[2026-07-03 23:04:55.357] [INFO] 正在检测 Java 开发工具...
[2026-07-03 23:04:55.359] [INFO] 从嵌入式 JDK 找到 javac: E:\SHIO\LanguageStudySystem\EnglishStudySystem\jdk-24\bin\javac.exe
[2026-07-03 23:04:55.364] [INFO] 使用指定的版本号: 2.1.0
[2026-07-03 23:04:55.366] [SUCCESS] 本次打包版本号: 2.1.0
[2026-07-03 23:04:55.368] [INFO] 已指定 -Version 参数，跳过弹窗，直接使用版本: 2.1.0
[2026-07-03 23:04:55.373] [INFO] 已跳过编译步骤 (-SkipCompile)
[2026-07-03 23:04:55.376] [SUCCESS] 使用现有 JAR: E:\SHIO\LanguageStudySystem\EnglishStudySystem\bin\EnglishStudySystem.jar
[2026-07-03 23:04:55.380] [INFO] 正在通过 Inno Setup 编译安装包...
[2026-07-03 23:04:55.382] [INFO] ISCC 命令: "E:\SHIO\inno\Inno Setup 6\ISCC.exe" "E:\SHIO\EnglishStudySystem_Setup.iss" /DMyAppVersion=2.1.0
[2026-07-03 23:05:07.293] [INFO] Inno Setup 编译耗时: 11.9035053 秒
[2026-07-03 23:05:07.296] [INFO] ISCC: Inno Setup 6 Command-Line Compiler
[2026-07-03 23:05:07.297] [INFO] ISCC: Copyright (C) 1997-2026 Jordan Russell. All rights reserved.
[2026-07-03 23:05:07.299] [INFO] ISCC: Portions Copyright (C) 2000-2026 Martijn Laan. All rights reserved.
[2026-07-03 23:05:07.299] [INFO] ISCC: Portions Copyright (C) 2001-2004 Alex Yackimoff. All rights reserved.
[2026-07-03 23:05:07.302] [INFO] ISCC: https://www.innosetup.com
[2026-07-03 23:05:07.303] [INFO] ISCC: 
[2026-07-03 23:05:07.305] [INFO] ISCC: Compiler engine version: Inno Setup 6.7.1
[2026-07-03 23:05:07.306] [INFO] ISCC: Non-commercial use only
[2026-07-03 23:05:07.307] [INFO] ISCC: 
[2026-07-03 23:05:07.307] [INFO] ISCC: Preprocessing
[2026-07-03 23:05:07.308] [INFO] ISCC:    Reading file: E:\SHIO\inno\Inno Setup 6\ISPPBuiltins.iss
[2026-07-03 23:05:07.310] [INFO] ISCC: Parsing [Setup] section, line 16
[2026-07-03 23:05:07.311] [INFO] ISCC: Parsing [Setup] section, line 17
[2026-07-03 23:05:07.312] [INFO] ISCC: Parsing [Setup] section, line 18
[2026-07-03 23:05:07.313] [INFO] ISCC: Parsing [Setup] section, line 20
[2026-07-03 23:05:07.314] [INFO] ISCC: Parsing [Setup] section, line 21
[2026-07-03 23:05:07.316] [INFO] ISCC: Parsing [Setup] section, line 22
[2026-07-03 23:05:07.317] [INFO] ISCC: Parsing [Setup] section, line 23
[2026-07-03 23:05:07.318] [INFO] ISCC: Parsing [Setup] section, line 24
[2026-07-03 23:05:07.319] [INFO] ISCC: Parsing [Setup] section, line 25
[2026-07-03 23:05:07.321] [INFO] ISCC: Parsing [Setup] section, line 26
[2026-07-03 23:05:07.323] [INFO] ISCC: Parsing [Setup] section, line 29
[2026-07-03 23:05:07.324] [INFO] ISCC: Parsing [Setup] section, line 30
[2026-07-03 23:05:07.325] [INFO] ISCC: Parsing [Setup] section, line 31
[2026-07-03 23:05:07.326] [INFO] ISCC: Parsing [Setup] section, line 32
[2026-07-03 23:05:07.327] [INFO] ISCC: Parsing [Setup] section, line 33
[2026-07-03 23:05:07.328] [INFO] ISCC: Creating output directory: C:\ESS
[2026-07-03 23:05:07.329] [INFO] ISCC: Reading file (WizardImageFile)
[2026-07-03 23:05:07.330] [INFO] ISCC: Reading file (WizardSmallImageFile)
[2026-07-03 23:05:07.331] [INFO] ISCC: Reading file (WizardImageFileDynamicDark)
[2026-07-03 23:05:07.332] [INFO] ISCC: Reading file (WizardSmallImageFileDynamicDark)
[2026-07-03 23:05:07.333] [INFO] ISCC: Preparing Setup program executable
[2026-07-03 23:05:07.335] [INFO] ISCC:    Verification successful
[2026-07-03 23:05:07.336] [INFO] ISCC:    Updating icons and style (SetupCustomStyle.e32)
[2026-07-03 23:05:07.337] [INFO] ISCC:    Updating version info (SetupCustomStyle.e32)
[2026-07-03 23:05:07.338] [INFO] ISCC: Determining language code pages
[2026-07-03 23:05:07.338] [INFO] ISCC: Parsing [Languages] section, line 36
[2026-07-03 23:05:07.339] [INFO] ISCC:    Reading file: E:\SHIO\inno\Inno Setup 6\Default.isl
[2026-07-03 23:05:07.340] [INFO] ISCC:    Messages in script file
[2026-07-03 23:05:07.341] [INFO] ISCC: Reading default messages from Default.isl
[2026-07-03 23:05:07.342] [INFO] ISCC: Parsing [Languages] section, line 36
[2026-07-03 23:05:07.343] [INFO] ISCC:    Reading file: E:\SHIO\inno\Inno Setup 6\Default.isl
[2026-07-03 23:05:07.345] [INFO] ISCC: Parsing [LangOptions], [Messages], and [CustomMessages] sections
[2026-07-03 23:05:07.346] [INFO] ISCC:    Messages in script file
[2026-07-03 23:05:07.347] [INFO] ISCC: Reading [Code] section
[2026-07-03 23:05:07.348] [INFO] ISCC: Parsing [Tasks] section, line 39
[2026-07-03 23:05:07.349] [INFO] ISCC: Parsing [Icons] section, line 50
[2026-07-03 23:05:07.351] [INFO] ISCC: Parsing [Icons] section, line 51
[2026-07-03 23:05:07.353] [INFO] ISCC: Parsing [Run] section, line 54
[2026-07-03 23:05:07.355] [INFO] ISCC: Parsing [Files] section, line 42
[2026-07-03 23:05:07.356] [INFO] ISCC: Parsing [Files] section, line 43
[2026-07-03 23:05:07.358] [INFO] ISCC: Parsing [Files] section, line 44
[2026-07-03 23:05:07.359] [INFO] ISCC: Parsing [Files] section, line 45
[2026-07-03 23:05:07.360] [INFO] ISCC: Parsing [Files] section, line 46
[2026-07-03 23:05:07.378] [INFO] ISCC: Creating setup files
[2026-07-03 23:05:07.379] [INFO] ISCC:    Verification successful
[2026-07-03 23:05:07.380] [INFO] ISCC:    Updating icons (Setup.exe)
[2026-07-03 23:05:07.382] [INFO] ISCC:    Compressing: E:\SHIO\LanguageStudySystem\EnglishStudySystem\Eng鍚姩.bat
[2026-07-03 23:05:07.384] [INFO] ISCC:    Compressing: E:\SHIO\LanguageStudySystem\EnglishStudySystem\run.vbs
[2026-07-03 23:05:07.384] [INFO] ISCC:    Compressing: E:\SHIO\LanguageStudySystem\EnglishStudySystem\app.ico
[2026-07-03 23:05:07.386] [INFO] ISCC:    Compressing: E:\SHIO\LanguageStudySystem\EnglishStudySystem\bin\EnglishStudySystem.jar
[2026-07-03 23:05:07.388] [INFO] ISCC:    Compressing: E:\SHIO\LanguageStudySystem\EnglishStudySystem\jre-minimal\release
[2026-07-03 23:05:07.392] [INFO] ISCC:    Compressing: E:\SHIO\LanguageStudySystem\EnglishStudySystem\jre-minimal\bin\api-ms-win-core-console-l1-1-0.dll
[2026-07-03 23:05:07.393] [INFO] ISCC:    Compressing: E:\SHIO\LanguageStudySystem\EnglishStudySystem\jre-minimal\bin\api-ms-win-core-console-l1-2-0.dll
[2026-07-03 23:05:07.395] [INFO] ISCC:    Compressing: E:\SHIO\LanguageStudySystem\EnglishStudySystem\jre-minimal\bin\api-ms-win-core-datetime-l1-1-0.dll
[2026-07-03 23:05:07.398] [INFO] ISCC:    Compressing: E:\SHIO\LanguageStudySystem\EnglishStudySystem\jre-minimal\bin\api-ms-win-core-debug-l1-1-0.dll
[2026-07-03 23:05:07.400] [INFO] ISCC:    Compressing: E:\SHIO\LanguageStudySystem\EnglishStudySystem\jre-minimal\bin\api-ms-win-core-errorhandling-l1-1-0.dll
[2026-07-03 23:05:07.403] [INFO] ISCC:    Compressing: E:\SHIO\LanguageStudySystem\EnglishStudySystem\jre-minimal\bin\api-ms-win-core-fibers-l1-1-0.dll
[2026-07-03 23:05:07.405] [INFO] ISCC:    Compressing: E:\SHIO\LanguageStudySystem\EnglishStudySystem\jre-minimal\bin\api-ms-win-core-file-l1-1-0.dll
[2026-07-03 23:05:07.407] [INFO] ISCC:    Compressing: E:\SHIO\LanguageStudySystem\EnglishStudySystem\jre-minimal\bin\api-ms-win-core-file-l1-2-0.dll
[2026-07-03 23:05:07.409] [INFO] ISCC:    Compressing: E:\SHIO\LanguageStudySystem\EnglishStudySystem\jre-minimal\bin\api-ms-win-core-file-l2-1-0.dll
[2026-07-03 23:05:07.412] [INFO] ISCC:    Compressing: E:\SHIO\LanguageStudySystem\EnglishStudySystem\jre-minimal\bin\api-ms-win-core-handle-l1-1-0.dll
[2026-07-03 23:05:07.415] [INFO] ISCC:    Compressing: E:\SHIO\LanguageStudySystem\EnglishStudySystem\jre-minimal\bin\api-ms-win-core-heap-l1-1-0.dll
[2026-07-03 23:05:07.417] [INFO] ISCC:    Compressing: E:\SHIO\LanguageStudySystem\EnglishStudySystem\jre-minimal\bin\api-ms-win-core-interlocked-l1-1-0.dll
[2026-07-03 23:05:07.419] [INFO] ISCC:    Compressing: E:\SHIO\LanguageStudySystem\EnglishStudySystem\jre-minimal\bin\api-ms-win-core-libraryloader-l1-1-0.dll
[2026-07-03 23:05:07.423] [INFO] ISCC:    Compressing: E:\SHIO\LanguageStudySystem\EnglishStudySystem\jre-minimal\bin\api-ms-win-core-localization-l1-2-0.dll
[2026-07-03 23:05:07.424] [INFO] ISCC:    Compressing: E:\SHIO\LanguageStudySystem\EnglishStudySystem\jre-minimal\bin\api-ms-win-core-memory-l1-1-0.dll
[2026-07-03 23:05:07.426] [INFO] ISCC:    Compressing: E:\SHIO\LanguageStudySystem\EnglishStudySystem\jre-minimal\bin\api-ms-win-core-namedpipe-l1-1-0.dll
[2026-07-03 23:05:07.429] [INFO] ISCC:    Compressing: E:\SHIO\LanguageStudySystem\EnglishStudySystem\jre-minimal\bin\api-ms-win-core-processenvironment-l1-1-0.dll
[2026-07-03 23:05:07.432] [INFO] ISCC:    Compressing: E:\SHIO\LanguageStudySystem\EnglishStudySystem\jre-minimal\bin\api-ms-win-core-processthreads-l1-1-0.dll
[2026-07-03 23:05:07.434] [INFO] ISCC:    Compressing: E:\SHIO\LanguageStudySystem\EnglishStudySystem\jre-minimal\bin\api-ms-win-core-processthreads-l1-1-1.dll
[2026-07-03 23:05:07.436] [INFO] ISCC:    Compressing: E:\SHIO\LanguageStudySystem\EnglishStudySystem\jre-minimal\bin\api-ms-win-core-profile-l1-1-0.dll
[2026-07-03 23:05:07.439] [INFO] ISCC:    Compressing: E:\SHIO\LanguageStudySystem\EnglishStudySystem\jre-minimal\bin\api-ms-win-core-rtlsupport-l1-1-0.dll
[2026-07-03 23:05:07.442] [INFO] ISCC:    Compressing: E:\SHIO\LanguageStudySystem\EnglishStudySystem\jre-minimal\bin\api-ms-win-core-string-l1-1-0.dll
[2026-07-03 23:05:07.444] [INFO] ISCC:    Compressing: E:\SHIO\LanguageStudySystem\EnglishStudySystem\jre-minimal\bin\api-ms-win-core-synch-l1-1-0.dll
[2026-07-03 23:05:07.446] [INFO] ISCC:    Compressing: E:\SHIO\LanguageStudySystem\EnglishStudySystem\jre-minimal\bin\api-ms-win-core-synch-l1-2-0.dll
[2026-07-03 23:05:07.447] [INFO] ISCC:    Compressing: E:\SHIO\LanguageStudySystem\EnglishStudySystem\jre-minimal\bin\api-ms-win-core-sysinfo-l1-1-0.dll
[2026-07-03 23:05:07.452] [INFO] ISCC:    Compressing: E:\SHIO\LanguageStudySystem\EnglishStudySystem\jre-minimal\bin\api-ms-win-core-timezone-l1-1-0.dll
[2026-07-03 23:05:07.453] [INFO] ISCC:    Compressing: E:\SHIO\LanguageStudySystem\EnglishStudySystem\jre-minimal\bin\api-ms-win-core-util-l1-1-0.dll
[2026-07-03 23:05:07.455] [INFO] ISCC:    Compressing: E:\SHIO\LanguageStudySystem\EnglishStudySystem\jre-minimal\bin\api-ms-win-crt-conio-l1-1-0.dll
[2026-07-03 23:05:07.457] [INFO] ISCC:    Compressing: E:\SHIO\LanguageStudySystem\EnglishStudySystem\jre-minimal\bin\api-ms-win-crt-convert-l1-1-0.dll
[2026-07-03 23:05:07.460] [INFO] ISCC:    Compressing: E:\SHIO\LanguageStudySystem\EnglishStudySystem\jre-minimal\bin\api-ms-win-crt-environment-l1-1-0.dll
[2026-07-03 23:05:07.463] [INFO] ISCC:    Compressing: E:\SHIO\LanguageStudySystem\EnglishStudySystem\jre-minimal\bin\api-ms-win-crt-filesystem-l1-1-0.dll
[2026-07-03 23:05:07.465] [INFO] ISCC:    Compressing: E:\SHIO\LanguageStudySystem\EnglishStudySystem\jre-minimal\bin\api-ms-win-crt-heap-l1-1-0.dll
[2026-07-03 23:05:07.467] [INFO] ISCC:    Compressing: E:\SHIO\LanguageStudySystem\EnglishStudySystem\jre-minimal\bin\api-ms-win-crt-locale-l1-1-0.dll
[2026-07-03 23:05:07.468] [INFO] ISCC:    Compressing: E:\SHIO\LanguageStudySystem\EnglishStudySystem\jre-minimal\bin\api-ms-win-crt-math-l1-1-0.dll
[2026-07-03 23:05:07.470] [INFO] ISCC:    Compressing: E:\SHIO\LanguageStudySystem\EnglishStudySystem\jre-minimal\bin\api-ms-win-crt-multibyte-l1-1-0.dll
[2026-07-03 23:05:07.474] [INFO] ISCC:    Compressing: E:\SHIO\LanguageStudySystem\EnglishStudySystem\jre-minimal\bin\api-ms-win-crt-private-l1-1-0.dll
[2026-07-03 23:05:07.476] [INFO] ISCC:    Compressing: E:\SHIO\LanguageStudySystem\EnglishStudySystem\jre-minimal\bin\api-ms-win-crt-process-l1-1-0.dll
[2026-07-03 23:05:07.479] [INFO] ISCC:    Compressing: E:\SHIO\LanguageStudySystem\EnglishStudySystem\jre-minimal\bin\api-ms-win-crt-runtime-l1-1-0.dll
[2026-07-03 23:05:07.481] [INFO] ISCC:    Compressing: E:\SHIO\LanguageStudySystem\EnglishStudySystem\jre-minimal\bin\api-ms-win-crt-stdio-l1-1-0.dll
[2026-07-03 23:05:07.484] [INFO] ISCC:    Compressing: E:\SHIO\LanguageStudySystem\EnglishStudySystem\jre-minimal\bin\api-ms-win-crt-string-l1-1-0.dll
[2026-07-03 23:05:07.486] [INFO] ISCC:    Compressing: E:\SHIO\LanguageStudySystem\EnglishStudySystem\jre-minimal\bin\api-ms-win-crt-time-l1-1-0.dll
[2026-07-03 23:05:07.489] [INFO] ISCC:    Compressing: E:\SHIO\LanguageStudySystem\EnglishStudySystem\jre-minimal\bin\api-ms-win-crt-utility-l1-1-0.dll
[2026-07-03 23:05:07.492] [INFO] ISCC:    Compressing: E:\SHIO\LanguageStudySystem\EnglishStudySystem\jre-minimal\bin\awt.dll
[2026-07-03 23:05:07.494] [INFO] ISCC:    Compressing: E:\SHIO\LanguageStudySystem\EnglishStudySystem\jre-minimal\bin\fontmanager.dll
[2026-07-03 23:05:07.496] [INFO] ISCC:    Compressing: E:\SHIO\LanguageStudySystem\EnglishStudySystem\jre-minimal\bin\freetype.dll
[2026-07-03 23:05:07.499] [INFO] ISCC:    Compressing: E:\SHIO\LanguageStudySystem\EnglishStudySystem\jre-minimal\bin\java.dll
[2026-07-03 23:05:07.502] [INFO] ISCC:    Compressing: E:\SHIO\LanguageStudySystem\EnglishStudySystem\jre-minimal\bin\java.exe
[2026-07-03 23:05:07.504] [INFO] ISCC:    Compressing: E:\SHIO\LanguageStudySystem\EnglishStudySystem\jre-minimal\bin\javajpeg.dll
[2026-07-03 23:05:07.507] [INFO] ISCC:    Compressing: E:\SHIO\LanguageStudySystem\EnglishStudySystem\jre-minimal\bin\javaw.exe
[2026-07-03 23:05:07.509] [INFO] ISCC:    Compressing: E:\SHIO\LanguageStudySystem\EnglishStudySystem\jre-minimal\bin\jawt.dll
[2026-07-03 23:05:07.512] [INFO] ISCC:    Compressing: E:\SHIO\LanguageStudySystem\EnglishStudySystem\jre-minimal\bin\jimage.dll
[2026-07-03 23:05:07.514] [INFO] ISCC:    Compressing: E:\SHIO\LanguageStudySystem\EnglishStudySystem\jre-minimal\bin\jli.dll
[2026-07-03 23:05:07.518] [INFO] ISCC:    Compressing: E:\SHIO\LanguageStudySystem\EnglishStudySystem\jre-minimal\bin\jsound.dll
[2026-07-03 23:05:07.519] [INFO] ISCC:    Compressing: E:\SHIO\LanguageStudySystem\EnglishStudySystem\jre-minimal\bin\keytool.exe
[2026-07-03 23:05:07.522] [INFO] ISCC:    Compressing: E:\SHIO\LanguageStudySystem\EnglishStudySystem\jre-minimal\bin\lcms.dll
[2026-07-03 23:05:07.524] [INFO] ISCC:    Compressing: E:\SHIO\LanguageStudySystem\EnglishStudySystem\jre-minimal\bin\mlib_image.dll
[2026-07-03 23:05:07.526] [INFO] ISCC:    Compressing: E:\SHIO\LanguageStudySystem\EnglishStudySystem\jre-minimal\bin\msvcp140.dll
[2026-07-03 23:05:07.528] [INFO] ISCC:    Compressing: E:\SHIO\LanguageStudySystem\EnglishStudySystem\jre-minimal\bin\net.dll
[2026-07-03 23:05:07.530] [INFO] ISCC:    Compressing: E:\SHIO\LanguageStudySystem\EnglishStudySystem\jre-minimal\bin\nio.dll
[2026-07-03 23:05:07.533] [INFO] ISCC:    Compressing: E:\SHIO\LanguageStudySystem\EnglishStudySystem\jre-minimal\bin\prefs.dll
[2026-07-03 23:05:07.535] [INFO] ISCC:    Compressing: E:\SHIO\LanguageStudySystem\EnglishStudySystem\jre-minimal\bin\splashscreen.dll
[2026-07-03 23:05:07.537] [INFO] ISCC:    Compressing: E:\SHIO\LanguageStudySystem\EnglishStudySystem\jre-minimal\bin\syslookup.dll
[2026-07-03 23:05:07.539] [INFO] ISCC:    Compressing: E:\SHIO\LanguageStudySystem\EnglishStudySystem\jre-minimal\bin\ucrtbase.dll
[2026-07-03 23:05:07.541] [INFO] ISCC:    Compressing: E:\SHIO\LanguageStudySystem\EnglishStudySystem\jre-minimal\bin\vcruntime140.dll
[2026-07-03 23:05:07.544] [INFO] ISCC:    Compressing: E:\SHIO\LanguageStudySystem\EnglishStudySystem\jre-minimal\bin\vcruntime140_1.dll
[2026-07-03 23:05:07.546] [INFO] ISCC:    Compressing: E:\SHIO\LanguageStudySystem\EnglishStudySystem\jre-minimal\bin\verify.dll
[2026-07-03 23:05:07.547] [INFO] ISCC:    Compressing: E:\SHIO\LanguageStudySystem\EnglishStudySystem\jre-minimal\bin\zip.dll
[2026-07-03 23:05:07.549] [INFO] ISCC:    Compressing: E:\SHIO\LanguageStudySystem\EnglishStudySystem\jre-minimal\bin\server\jvm.dll
[2026-07-03 23:05:07.552] [INFO] ISCC:    Compressing: E:\SHIO\LanguageStudySystem\EnglishStudySystem\jre-minimal\conf\jaxp-strict.properties.template
[2026-07-03 23:05:07.554] [INFO] ISCC:    Compressing: E:\SHIO\LanguageStudySystem\EnglishStudySystem\jre-minimal\conf\jaxp.properties
[2026-07-03 23:05:07.557] [INFO] ISCC:    Compressing: E:\SHIO\LanguageStudySystem\EnglishStudySystem\jre-minimal\conf\net.properties
[2026-07-03 23:05:07.559] [INFO] ISCC:    Compressing: E:\SHIO\LanguageStudySystem\EnglishStudySystem\jre-minimal\conf\sound.properties
[2026-07-03 23:05:07.562] [INFO] ISCC:    Compressing: E:\SHIO\LanguageStudySystem\EnglishStudySystem\jre-minimal\conf\security\java.security
[2026-07-03 23:05:07.564] [INFO] ISCC:    Compressing: E:\SHIO\LanguageStudySystem\EnglishStudySystem\jre-minimal\conf\security\policy\README.txt
[2026-07-03 23:05:07.566] [INFO] ISCC:    Compressing: E:\SHIO\LanguageStudySystem\EnglishStudySystem\jre-minimal\conf\security\policy\limited\default_local.policy
[2026-07-03 23:05:07.568] [INFO] ISCC:    Compressing: E:\SHIO\LanguageStudySystem\EnglishStudySystem\jre-minimal\conf\security\policy\limited\default_US_export.policy
[2026-07-03 23:05:07.570] [INFO] ISCC:    Compressing: E:\SHIO\LanguageStudySystem\EnglishStudySystem\jre-minimal\conf\security\policy\limited\exempt_local.policy
[2026-07-03 23:05:07.573] [INFO] ISCC:    Compressing: E:\SHIO\LanguageStudySystem\EnglishStudySystem\jre-minimal\conf\security\policy\unlimited\default_local.policy
[2026-07-03 23:05:07.575] [INFO] ISCC:    Compressing: E:\SHIO\LanguageStudySystem\EnglishStudySystem\jre-minimal\conf\security\policy\unlimited\default_US_export.policy
[2026-07-03 23:05:07.578] [INFO] ISCC:    Compressing: E:\SHIO\LanguageStudySystem\EnglishStudySystem\jre-minimal\legal\java.base\aes.md
[2026-07-03 23:05:07.580] [INFO] ISCC:    Compressing: E:\SHIO\LanguageStudySystem\EnglishStudySystem\jre-minimal\legal\java.base\asm.md
[2026-07-03 23:05:07.583] [INFO] ISCC:    Compressing: E:\SHIO\LanguageStudySystem\EnglishStudySystem\jre-minimal\legal\java.base\c-libutl.md
[2026-07-03 23:05:07.585] [INFO] ISCC:    Compressing: E:\SHIO\LanguageStudySystem\EnglishStudySystem\jre-minimal\legal\java.base\cldr.md
[2026-07-03 23:05:07.587] [INFO] ISCC:    Compressing: E:\SHIO\LanguageStudySystem\EnglishStudySystem\jre-minimal\legal\java.base\COPYRIGHT
[2026-07-03 23:05:07.589] [INFO] ISCC:    Compressing: E:\SHIO\LanguageStudySystem\EnglishStudySystem\jre-minimal\legal\java.base\icu.md
[2026-07-03 23:05:07.591] [INFO] ISCC:    Compressing: E:\SHIO\LanguageStudySystem\EnglishStudySystem\jre-minimal\legal\java.base\LICENSE
[2026-07-03 23:05:07.593] [INFO] ISCC:    Compressing: E:\SHIO\LanguageStudySystem\EnglishStudySystem\jre-minimal\legal\java.base\public_suffix.md
[2026-07-03 23:05:07.596] [INFO] ISCC:    Compressing: E:\SHIO\LanguageStudySystem\EnglishStudySystem\jre-minimal\legal\java.base\siphash.md
[2026-07-03 23:05:07.597] [INFO] ISCC:    Compressing: E:\SHIO\LanguageStudySystem\EnglishStudySystem\jre-minimal\legal\java.base\unicode.md
[2026-07-03 23:05:07.601] [INFO] ISCC:    Compressing: E:\SHIO\LanguageStudySystem\EnglishStudySystem\jre-minimal\legal\java.base\wepoll.md
[2026-07-03 23:05:07.605] [INFO] ISCC:    Compressing: E:\SHIO\LanguageStudySystem\EnglishStudySystem\jre-minimal\legal\java.base\zlib.md
[2026-07-03 23:05:07.607] [INFO] ISCC:    Compressing: E:\SHIO\LanguageStudySystem\EnglishStudySystem\jre-minimal\legal\java.datatransfer\COPYRIGHT
[2026-07-03 23:05:07.609] [INFO] ISCC:    Compressing: E:\SHIO\LanguageStudySystem\EnglishStudySystem\jre-minimal\legal\java.datatransfer\LICENSE
[2026-07-03 23:05:07.612] [INFO] ISCC:    Compressing: E:\SHIO\LanguageStudySystem\EnglishStudySystem\jre-minimal\legal\java.desktop\colorimaging.md
[2026-07-03 23:05:07.615] [INFO] ISCC:    Compressing: E:\SHIO\LanguageStudySystem\EnglishStudySystem\jre-minimal\legal\java.desktop\COPYRIGHT
[2026-07-03 23:05:07.618] [INFO] ISCC:    Compressing: E:\SHIO\LanguageStudySystem\EnglishStudySystem\jre-minimal\legal\java.desktop\freetype.md
[2026-07-03 23:05:07.621] [INFO] ISCC:    Compressing: E:\SHIO\LanguageStudySystem\EnglishStudySystem\jre-minimal\legal\java.desktop\giflib.md
[2026-07-03 23:05:07.623] [INFO] ISCC:    Compressing: E:\SHIO\LanguageStudySystem\EnglishStudySystem\jre-minimal\legal\java.desktop\harfbuzz.md
[2026-07-03 23:05:07.625] [INFO] ISCC:    Compressing: E:\SHIO\LanguageStudySystem\EnglishStudySystem\jre-minimal\legal\java.desktop\jpeg.md
[2026-07-03 23:05:07.627] [INFO] ISCC:    Compressing: E:\SHIO\LanguageStudySystem\EnglishStudySystem\jre-minimal\legal\java.desktop\lcms.md
[2026-07-03 23:05:07.630] [INFO] ISCC:    Compressing: E:\SHIO\LanguageStudySystem\EnglishStudySystem\jre-minimal\legal\java.desktop\libpng.md
[2026-07-03 23:05:07.634] [INFO] ISCC:    Compressing: E:\SHIO\LanguageStudySystem\EnglishStudySystem\jre-minimal\legal\java.desktop\LICENSE
[2026-07-03 23:05:07.636] [INFO] ISCC:    Compressing: E:\SHIO\LanguageStudySystem\EnglishStudySystem\jre-minimal\legal\java.desktop\mesa3d.md
[2026-07-03 23:05:07.638] [INFO] ISCC:    Compressing: E:\SHIO\LanguageStudySystem\EnglishStudySystem\jre-minimal\legal\java.prefs\COPYRIGHT
[2026-07-03 23:05:07.640] [INFO] ISCC:    Compressing: E:\SHIO\LanguageStudySystem\EnglishStudySystem\jre-minimal\legal\java.prefs\LICENSE
[2026-07-03 23:05:07.643] [INFO] ISCC:    Compressing: E:\SHIO\LanguageStudySystem\EnglishStudySystem\jre-minimal\legal\java.xml\bcel.md
[2026-07-03 23:05:07.646] [INFO] ISCC:    Compressing: E:\SHIO\LanguageStudySystem\EnglishStudySystem\jre-minimal\legal\java.xml\COPYRIGHT
[2026-07-03 23:05:07.648] [INFO] ISCC:    Compressing: E:\SHIO\LanguageStudySystem\EnglishStudySystem\jre-minimal\legal\java.xml\dom.md
[2026-07-03 23:05:07.651] [INFO] ISCC:    Compressing: E:\SHIO\LanguageStudySystem\EnglishStudySystem\jre-minimal\legal\java.xml\jcup.md
[2026-07-03 23:05:07.653] [INFO] ISCC:    Compressing: E:\SHIO\LanguageStudySystem\EnglishStudySystem\jre-minimal\legal\java.xml\LICENSE
[2026-07-03 23:05:07.655] [INFO] ISCC:    Compressing: E:\SHIO\LanguageStudySystem\EnglishStudySystem\jre-minimal\legal\java.xml\schema10part1.md
[2026-07-03 23:05:07.657] [INFO] ISCC:    Compressing: E:\SHIO\LanguageStudySystem\EnglishStudySystem\jre-minimal\legal\java.xml\schema10part2.md
[2026-07-03 23:05:07.659] [INFO] ISCC:    Compressing: E:\SHIO\LanguageStudySystem\EnglishStudySystem\jre-minimal\legal\java.xml\xalan.md
[2026-07-03 23:05:07.662] [INFO] ISCC:    Compressing: E:\SHIO\LanguageStudySystem\EnglishStudySystem\jre-minimal\legal\java.xml\xerces.md
[2026-07-03 23:05:07.664] [INFO] ISCC:    Compressing: E:\SHIO\LanguageStudySystem\EnglishStudySystem\jre-minimal\legal\java.xml\xhtml10.md
[2026-07-03 23:05:07.667] [INFO] ISCC:    Compressing: E:\SHIO\LanguageStudySystem\EnglishStudySystem\jre-minimal\legal\java.xml\xhtml10schema.md
[2026-07-03 23:05:07.669] [INFO] ISCC:    Compressing: E:\SHIO\LanguageStudySystem\EnglishStudySystem\jre-minimal\legal\java.xml\xhtml11.md
[2026-07-03 23:05:07.671] [INFO] ISCC:    Compressing: E:\SHIO\LanguageStudySystem\EnglishStudySystem\jre-minimal\legal\java.xml\xhtml11schema.md
[2026-07-03 23:05:07.674] [INFO] ISCC:    Compressing: E:\SHIO\LanguageStudySystem\EnglishStudySystem\jre-minimal\legal\java.xml\xmlspec.md
[2026-07-03 23:05:07.675] [INFO] ISCC:    Compressing: E:\SHIO\LanguageStudySystem\EnglishStudySystem\jre-minimal\legal\java.xml\xmlxsd.md
[2026-07-03 23:05:07.677] [INFO] ISCC:    Compressing: E:\SHIO\LanguageStudySystem\EnglishStudySystem\jre-minimal\lib\classlist
[2026-07-03 23:05:07.680] [INFO] ISCC:    Compressing: E:\SHIO\LanguageStudySystem\EnglishStudySystem\jre-minimal\lib\fontconfig.bfc
[2026-07-03 23:05:07.682] [INFO] ISCC:    Compressing: E:\SHIO\LanguageStudySystem\EnglishStudySystem\jre-minimal\lib\fontconfig.properties.src
[2026-07-03 23:05:07.684] [INFO] ISCC:    Compressing: E:\SHIO\LanguageStudySystem\EnglishStudySystem\jre-minimal\lib\jawt.lib
[2026-07-03 23:05:07.685] [INFO] ISCC:    Compressing: E:\SHIO\LanguageStudySystem\EnglishStudySystem\jre-minimal\lib\jrt-fs.jar
[2026-07-03 23:05:07.688] [INFO] ISCC:    Compressing: E:\SHIO\LanguageStudySystem\EnglishStudySystem\jre-minimal\lib\jvm.cfg
[2026-07-03 23:05:07.690] [INFO] ISCC:    Compressing: E:\SHIO\LanguageStudySystem\EnglishStudySystem\jre-minimal\lib\jvm.lib
[2026-07-03 23:05:07.692] [INFO] ISCC:    Compressing: E:\SHIO\LanguageStudySystem\EnglishStudySystem\jre-minimal\lib\modules
[2026-07-03 23:05:07.696] [INFO] ISCC:    Compressing: E:\SHIO\LanguageStudySystem\EnglishStudySystem\jre-minimal\lib\psfont.properties.ja
[2026-07-03 23:05:07.698] [INFO] ISCC:    Compressing: E:\SHIO\LanguageStudySystem\EnglishStudySystem\jre-minimal\lib\psfontj2d.properties
[2026-07-03 23:05:07.701] [INFO] ISCC:    Compressing: E:\SHIO\LanguageStudySystem\EnglishStudySystem\jre-minimal\lib\tzdb.dat
[2026-07-03 23:05:07.703] [INFO] ISCC:    Compressing: E:\SHIO\LanguageStudySystem\EnglishStudySystem\jre-minimal\lib\tzmappings
[2026-07-03 23:05:07.706] [INFO] ISCC:    Compressing: E:\SHIO\LanguageStudySystem\EnglishStudySystem\jre-minimal\lib\security\blocked.certs
[2026-07-03 23:05:07.708] [INFO] ISCC:    Compressing: E:\SHIO\LanguageStudySystem\EnglishStudySystem\jre-minimal\lib\security\cacerts
[2026-07-03 23:05:07.710] [INFO] ISCC:    Compressing: E:\SHIO\LanguageStudySystem\EnglishStudySystem\jre-minimal\lib\security\public_suffix_list.dat
[2026-07-03 23:05:07.713] [INFO] ISCC:    Compressing Setup program executable
[2026-07-03 23:05:07.715] [INFO] ISCC:    Updating version info (Setup.exe)
[2026-07-03 23:05:07.715] [INFO] ISCC:    Updating manifest (Setup.exe)
[2026-07-03 23:05:07.717] [INFO] ISCC: 
[2026-07-03 23:05:07.718] [INFO] ISCC: 
[2026-07-03 23:05:07.719] [INFO] ISCC: Successful compile (11.328 sec). Resulting Setup program filename is:
[2026-07-03 23:05:07.720] [INFO] ISCC: C:\ESS\鑻辫瀛︿範绯荤粺_2.1.0_Setup.exe
[2026-07-03 23:05:07.724] [SUCCESS] Inno Setup 编译完成
[2026-07-03 23:05:07.726] [INFO] 正在查找 Inno Setup 输出文件...
[2026-07-03 23:05:07.737] [INFO] 找到安装包: C:\ESS\英语学习系统_2.1.0_Setup.exe (修改时间: 07/03/2026 23:05:07)
[2026-07-03 23:05:07.742] [INFO] 正在归档安装包到历史目录...
[2026-07-03 23:05:07.768] [SUCCESS] 安装包已复制: E:\SHIO\LanguageStudySystem\ESS_history\英语学习系统_2.1.0_Setup.exe
[2026-07-03 23:05:07.770] [INFO] 正在生成 ZIP 归档...
[2026-07-03 23:05:08.945] [SUCCESS] ZIP 归档已生成: E:\SHIO\LanguageStudySystem\ESS_history\EnglishStudySystemV2.1.0.zip
[2026-07-03 23:05:08.949] [INFO] 已更新归档索引: [20260703_230507] Version=2.1.0 | 安装包: 英语学习系统_2.1.0_Setup.exe | ZIP: EnglishStudySystemV2.1.0.zip
[2026-07-03 23:05:08.952] [INFO] 正在清理临时文件...
[2026-07-03 23:05:08.970] [INFO] ========== 打包任务完成 (总耗时: 13.6745332F 秒) ==========
