[2026-07-07 17:35:34.570] [INFO] ========== 打包任务开始 ==========
[2026-07-07 17:35:34.587] [INFO] 正在检测项目路径...
[2026-07-07 17:35:34.592] [INFO] 项目根目录: E:\SHIO\LanguageStudySystem\EnglishStudySystem  ✓
[2026-07-07 17:35:34.594] [INFO] 历史归档目录: E:\SHIO\LanguageStudySystem\ESS_history  ✓
[2026-07-07 17:35:34.595] [INFO] Inno Setup 脚本文件: E:\SHIO\EnglishStudySystem_Setup.iss  ✓
[2026-07-07 17:35:34.599] [INFO] 正在自动检测 Inno Setup 安装路径...
[2026-07-07 17:35:34.602] [INFO] 在固定路径找到 Inno Setup: E:\SHIO\inno\Inno Setup 6\ISCC.exe
[2026-07-07 17:35:34.605] [SUCCESS] Inno Setup 路径: E:\SHIO\inno\Inno Setup 6\ISCC.exe
[2026-07-07 17:35:34.610] [INFO] 正在检测 Java 开发工具...
[2026-07-07 17:35:34.612] [INFO] 从嵌入式 JDK 找到 javac: E:\SHIO\LanguageStudySystem\EnglishStudySystem\jdk-24\bin\javac.exe
[2026-07-07 17:35:34.628] [INFO] 从 .iss 文件读取版本号: 2.1.0
[2026-07-07 17:35:34.630] [SUCCESS] 本次打包版本号: 2.1.0
[2026-07-07 17:35:41.877] [INFO] 弹窗确认结束，使用版本: 2.2.0, 输出目录: E:\SHIO\LanguageStudySystem\ESS_history
[2026-07-07 17:35:41.881] [INFO] 主项目源码目录: E:\SHIO\LanguageStudySystem\EnglishStudySystem\src\LanguageStudySystem\JavaEngStuSystem
[2026-07-07 17:35:41.888] [INFO] 使用源码目录: E:\SHIO\LanguageStudySystem\EnglishStudySystem\src\LanguageStudySystem\JavaEngStuSystem
[2026-07-07 17:35:41.898] [INFO] 正在编译 Java 源文件...
[2026-07-07 17:35:41.901] [INFO] 源文件目录: E:\SHIO\LanguageStudySystem\EnglishStudySystem\src\LanguageStudySystem\JavaEngStuSystem
[2026-07-07 17:35:41.902] [INFO] 输出目录: E:\SHIO\LanguageStudySystem\EnglishStudySystem\bin\classes
[2026-07-07 17:35:42.896] [INFO] javac 版本: javac 24.0.2
[2026-07-07 17:35:42.903] [INFO] 编译命令: "E:\SHIO\LanguageStudySystem\EnglishStudySystem\jdk-24\bin\javac.exe" -d "E:\SHIO\LanguageStudySystem\EnglishStudySystem\bin\classes" -encoding UTF-8 @"C:\Users\d8502\AppData\Local\Temp\javac_sources_20260707_173534.txt"
[2026-07-07 17:35:44.393] [SUCCESS] Java 编译完成
[2026-07-07 17:35:44.396] [INFO] 编译输出: 注: E:\SHIO\LanguageStudySystem\EnglishStudySystem\src\LanguageStudySystem\JavaEngStuSystem\EngImageRecognition.java使用或覆盖了已过时的 API。 注: 有关详细信息, 请使用 -Xlint:deprecation 重新编译。
[2026-07-07 17:35:44.400] [INFO] 正在打包 JAR 文件...
[2026-07-07 17:35:44.410] [INFO] 打包命令: "E:\SHIO\LanguageStudySystem\EnglishStudySystem\jdk-24\bin\jar.exe" cfm "E:\SHIO\LanguageStudySystem\EnglishStudySystem\bin\EnglishStudySystem.jar" "C:\Users\d8502\AppData\Local\Temp\manifest_20260707_173534\MANIFEST.MF" .
[2026-07-07 17:35:44.765] [SUCCESS] JAR 文件已生成: E:\SHIO\LanguageStudySystem\EnglishStudySystem\bin\EnglishStudySystem.jar
[2026-07-07 17:35:44.771] [INFO] 正在通过 Inno Setup 编译安装包...
[2026-07-07 17:35:44.773] [INFO] ISCC 命令: "E:\SHIO\inno\Inno Setup 6\ISCC.exe" "E:\SHIO\EnglishStudySystem_Setup.iss" /DMyAppVersion=2.2.0
[2026-07-07 17:35:55.193] [INFO] Inno Setup 编译耗时: 10.4060566 秒
[2026-07-07 17:35:55.196] [INFO] ISCC: Inno Setup 6 Command-Line Compiler
[2026-07-07 17:35:55.197] [INFO] ISCC: Copyright (C) 1997-2026 Jordan Russell. All rights reserved.
[2026-07-07 17:35:55.199] [INFO] ISCC: Portions Copyright (C) 2000-2026 Martijn Laan. All rights reserved.
[2026-07-07 17:35:55.200] [INFO] ISCC: Portions Copyright (C) 2001-2004 Alex Yackimoff. All rights reserved.
[2026-07-07 17:35:55.201] [INFO] ISCC: https://www.innosetup.com
[2026-07-07 17:35:55.202] [INFO] ISCC: 
[2026-07-07 17:35:55.203] [INFO] ISCC: Compiler engine version: Inno Setup 6.7.1
[2026-07-07 17:35:55.204] [INFO] ISCC: Non-commercial use only
[2026-07-07 17:35:55.222] [INFO] ISCC: 
[2026-07-07 17:35:55.225] [INFO] ISCC: Preprocessing
[2026-07-07 17:35:55.226] [INFO] ISCC:    Reading file: E:\SHIO\inno\Inno Setup 6\ISPPBuiltins.iss
[2026-07-07 17:35:55.228] [INFO] ISCC: Parsing [Setup] section, line 16
[2026-07-07 17:35:55.229] [INFO] ISCC: Parsing [Setup] section, line 17
[2026-07-07 17:35:55.230] [INFO] ISCC: Parsing [Setup] section, line 18
[2026-07-07 17:35:55.232] [INFO] ISCC: Parsing [Setup] section, line 20
[2026-07-07 17:35:55.234] [INFO] ISCC: Parsing [Setup] section, line 21
[2026-07-07 17:35:55.235] [INFO] ISCC: Parsing [Setup] section, line 22
[2026-07-07 17:35:55.236] [INFO] ISCC: Parsing [Setup] section, line 23
[2026-07-07 17:35:55.237] [INFO] ISCC: Parsing [Setup] section, line 24
[2026-07-07 17:35:55.239] [INFO] ISCC: Parsing [Setup] section, line 25
[2026-07-07 17:35:55.240] [INFO] ISCC: Parsing [Setup] section, line 26
[2026-07-07 17:35:55.241] [INFO] ISCC: Parsing [Setup] section, line 29
[2026-07-07 17:35:55.243] [INFO] ISCC: Parsing [Setup] section, line 30
[2026-07-07 17:35:55.244] [INFO] ISCC: Parsing [Setup] section, line 31
[2026-07-07 17:35:55.245] [INFO] ISCC: Parsing [Setup] section, line 32
[2026-07-07 17:35:55.246] [INFO] ISCC: Parsing [Setup] section, line 33
[2026-07-07 17:35:55.247] [INFO] ISCC: Reading file (WizardImageFile)
[2026-07-07 17:35:55.248] [INFO] ISCC: Reading file (WizardSmallImageFile)
[2026-07-07 17:35:55.249] [INFO] ISCC: Reading file (WizardImageFileDynamicDark)
[2026-07-07 17:35:55.250] [INFO] ISCC: Reading file (WizardSmallImageFileDynamicDark)
[2026-07-07 17:35:55.251] [INFO] ISCC: Preparing Setup program executable
[2026-07-07 17:35:55.253] [INFO] ISCC:    Verification successful
[2026-07-07 17:35:55.254] [INFO] ISCC:    Updating icons and style (SetupCustomStyle.e32)
[2026-07-07 17:35:55.255] [INFO] ISCC:    Updating version info (SetupCustomStyle.e32)
[2026-07-07 17:35:55.256] [INFO] ISCC: Determining language code pages
[2026-07-07 17:35:55.257] [INFO] ISCC: Parsing [Languages] section, line 36
[2026-07-07 17:35:55.257] [INFO] ISCC:    Reading file: E:\SHIO\inno\Inno Setup 6\Default.isl
[2026-07-07 17:35:55.258] [INFO] ISCC:    Messages in script file
[2026-07-07 17:35:55.260] [INFO] ISCC: Reading default messages from Default.isl
[2026-07-07 17:35:55.261] [INFO] ISCC: Parsing [Languages] section, line 36
[2026-07-07 17:35:55.262] [INFO] ISCC:    Reading file: E:\SHIO\inno\Inno Setup 6\Default.isl
[2026-07-07 17:35:55.263] [INFO] ISCC: Parsing [LangOptions], [Messages], and [CustomMessages] sections
[2026-07-07 17:35:55.264] [INFO] ISCC:    Messages in script file
[2026-07-07 17:35:55.265] [INFO] ISCC: Reading [Code] section
[2026-07-07 17:35:55.266] [INFO] ISCC: Parsing [Tasks] section, line 39
[2026-07-07 17:35:55.267] [INFO] ISCC: Parsing [Icons] section, line 50
[2026-07-07 17:35:55.268] [INFO] ISCC: Parsing [Icons] section, line 51
[2026-07-07 17:35:55.268] [INFO] ISCC: Parsing [Run] section, line 54
[2026-07-07 17:35:55.270] [INFO] ISCC: Parsing [Files] section, line 42
[2026-07-07 17:35:55.271] [INFO] ISCC: Parsing [Files] section, line 43
[2026-07-07 17:35:55.272] [INFO] ISCC: Parsing [Files] section, line 44
[2026-07-07 17:35:55.273] [INFO] ISCC: Parsing [Files] section, line 45
[2026-07-07 17:35:55.274] [INFO] ISCC: Parsing [Files] section, line 46
[2026-07-07 17:35:55.275] [INFO] ISCC: Creating setup files
[2026-07-07 17:35:55.276] [INFO] ISCC:    Verification successful
[2026-07-07 17:35:55.277] [INFO] ISCC:    Updating icons (Setup.exe)
[2026-07-07 17:35:55.278] [INFO] ISCC:    Compressing: E:\SHIO\LanguageStudySystem\EnglishStudySystem\Eng鍚姩.bat
[2026-07-07 17:35:55.278] [INFO] ISCC:    Compressing: E:\SHIO\LanguageStudySystem\EnglishStudySystem\run.vbs
[2026-07-07 17:35:55.279] [INFO] ISCC:    Compressing: E:\SHIO\LanguageStudySystem\EnglishStudySystem\app.ico
[2026-07-07 17:35:55.280] [INFO] ISCC:    Compressing: E:\SHIO\LanguageStudySystem\EnglishStudySystem\bin\EnglishStudySystem.jar
[2026-07-07 17:35:55.282] [INFO] ISCC:    Compressing: E:\SHIO\LanguageStudySystem\EnglishStudySystem\jre-minimal\release
[2026-07-07 17:35:55.283] [INFO] ISCC:    Compressing: E:\SHIO\LanguageStudySystem\EnglishStudySystem\jre-minimal\bin\api-ms-win-core-console-l1-1-0.dll
[2026-07-07 17:35:55.284] [INFO] ISCC:    Compressing: E:\SHIO\LanguageStudySystem\EnglishStudySystem\jre-minimal\bin\api-ms-win-core-console-l1-2-0.dll
[2026-07-07 17:35:55.285] [INFO] ISCC:    Compressing: E:\SHIO\LanguageStudySystem\EnglishStudySystem\jre-minimal\bin\api-ms-win-core-datetime-l1-1-0.dll
[2026-07-07 17:35:55.286] [INFO] ISCC:    Compressing: E:\SHIO\LanguageStudySystem\EnglishStudySystem\jre-minimal\bin\api-ms-win-core-debug-l1-1-0.dll
[2026-07-07 17:35:55.287] [INFO] ISCC:    Compressing: E:\SHIO\LanguageStudySystem\EnglishStudySystem\jre-minimal\bin\api-ms-win-core-errorhandling-l1-1-0.dll
[2026-07-07 17:35:55.288] [INFO] ISCC:    Compressing: E:\SHIO\LanguageStudySystem\EnglishStudySystem\jre-minimal\bin\api-ms-win-core-fibers-l1-1-0.dll
[2026-07-07 17:35:55.289] [INFO] ISCC:    Compressing: E:\SHIO\LanguageStudySystem\EnglishStudySystem\jre-minimal\bin\api-ms-win-core-file-l1-1-0.dll
[2026-07-07 17:35:55.290] [INFO] ISCC:    Compressing: E:\SHIO\LanguageStudySystem\EnglishStudySystem\jre-minimal\bin\api-ms-win-core-file-l1-2-0.dll
[2026-07-07 17:35:55.291] [INFO] ISCC:    Compressing: E:\SHIO\LanguageStudySystem\EnglishStudySystem\jre-minimal\bin\api-ms-win-core-file-l2-1-0.dll
[2026-07-07 17:35:55.292] [INFO] ISCC:    Compressing: E:\SHIO\LanguageStudySystem\EnglishStudySystem\jre-minimal\bin\api-ms-win-core-handle-l1-1-0.dll
[2026-07-07 17:35:55.294] [INFO] ISCC:    Compressing: E:\SHIO\LanguageStudySystem\EnglishStudySystem\jre-minimal\bin\api-ms-win-core-heap-l1-1-0.dll
[2026-07-07 17:35:55.294] [INFO] ISCC:    Compressing: E:\SHIO\LanguageStudySystem\EnglishStudySystem\jre-minimal\bin\api-ms-win-core-interlocked-l1-1-0.dll
[2026-07-07 17:35:55.295] [INFO] ISCC:    Compressing: E:\SHIO\LanguageStudySystem\EnglishStudySystem\jre-minimal\bin\api-ms-win-core-libraryloader-l1-1-0.dll
[2026-07-07 17:35:55.296] [INFO] ISCC:    Compressing: E:\SHIO\LanguageStudySystem\EnglishStudySystem\jre-minimal\bin\api-ms-win-core-localization-l1-2-0.dll
[2026-07-07 17:35:55.297] [INFO] ISCC:    Compressing: E:\SHIO\LanguageStudySystem\EnglishStudySystem\jre-minimal\bin\api-ms-win-core-memory-l1-1-0.dll
[2026-07-07 17:35:55.298] [INFO] ISCC:    Compressing: E:\SHIO\LanguageStudySystem\EnglishStudySystem\jre-minimal\bin\api-ms-win-core-namedpipe-l1-1-0.dll
[2026-07-07 17:35:55.299] [INFO] ISCC:    Compressing: E:\SHIO\LanguageStudySystem\EnglishStudySystem\jre-minimal\bin\api-ms-win-core-processenvironment-l1-1-0.dll
[2026-07-07 17:35:55.300] [INFO] ISCC:    Compressing: E:\SHIO\LanguageStudySystem\EnglishStudySystem\jre-minimal\bin\api-ms-win-core-processthreads-l1-1-0.dll
[2026-07-07 17:35:55.301] [INFO] ISCC:    Compressing: E:\SHIO\LanguageStudySystem\EnglishStudySystem\jre-minimal\bin\api-ms-win-core-processthreads-l1-1-1.dll
[2026-07-07 17:35:55.302] [INFO] ISCC:    Compressing: E:\SHIO\LanguageStudySystem\EnglishStudySystem\jre-minimal\bin\api-ms-win-core-profile-l1-1-0.dll
[2026-07-07 17:35:55.303] [INFO] ISCC:    Compressing: E:\SHIO\LanguageStudySystem\EnglishStudySystem\jre-minimal\bin\api-ms-win-core-rtlsupport-l1-1-0.dll
[2026-07-07 17:35:55.304] [INFO] ISCC:    Compressing: E:\SHIO\LanguageStudySystem\EnglishStudySystem\jre-minimal\bin\api-ms-win-core-string-l1-1-0.dll
[2026-07-07 17:35:55.305] [INFO] ISCC:    Compressing: E:\SHIO\LanguageStudySystem\EnglishStudySystem\jre-minimal\bin\api-ms-win-core-synch-l1-1-0.dll
[2026-07-07 17:35:55.306] [INFO] ISCC:    Compressing: E:\SHIO\LanguageStudySystem\EnglishStudySystem\jre-minimal\bin\api-ms-win-core-synch-l1-2-0.dll
[2026-07-07 17:35:55.307] [INFO] ISCC:    Compressing: E:\SHIO\LanguageStudySystem\EnglishStudySystem\jre-minimal\bin\api-ms-win-core-sysinfo-l1-1-0.dll
[2026-07-07 17:35:55.308] [INFO] ISCC:    Compressing: E:\SHIO\LanguageStudySystem\EnglishStudySystem\jre-minimal\bin\api-ms-win-core-timezone-l1-1-0.dll
[2026-07-07 17:35:55.309] [INFO] ISCC:    Compressing: E:\SHIO\LanguageStudySystem\EnglishStudySystem\jre-minimal\bin\api-ms-win-core-util-l1-1-0.dll
[2026-07-07 17:35:55.310] [INFO] ISCC:    Compressing: E:\SHIO\LanguageStudySystem\EnglishStudySystem\jre-minimal\bin\api-ms-win-crt-conio-l1-1-0.dll
[2026-07-07 17:35:55.311] [INFO] ISCC:    Compressing: E:\SHIO\LanguageStudySystem\EnglishStudySystem\jre-minimal\bin\api-ms-win-crt-convert-l1-1-0.dll
[2026-07-07 17:35:55.312] [INFO] ISCC:    Compressing: E:\SHIO\LanguageStudySystem\EnglishStudySystem\jre-minimal\bin\api-ms-win-crt-environment-l1-1-0.dll
[2026-07-07 17:35:55.313] [INFO] ISCC:    Compressing: E:\SHIO\LanguageStudySystem\EnglishStudySystem\jre-minimal\bin\api-ms-win-crt-filesystem-l1-1-0.dll
[2026-07-07 17:35:55.315] [INFO] ISCC:    Compressing: E:\SHIO\LanguageStudySystem\EnglishStudySystem\jre-minimal\bin\api-ms-win-crt-heap-l1-1-0.dll
[2026-07-07 17:35:55.316] [INFO] ISCC:    Compressing: E:\SHIO\LanguageStudySystem\EnglishStudySystem\jre-minimal\bin\api-ms-win-crt-locale-l1-1-0.dll
[2026-07-07 17:35:55.316] [INFO] ISCC:    Compressing: E:\SHIO\LanguageStudySystem\EnglishStudySystem\jre-minimal\bin\api-ms-win-crt-math-l1-1-0.dll
[2026-07-07 17:35:55.317] [INFO] ISCC:    Compressing: E:\SHIO\LanguageStudySystem\EnglishStudySystem\jre-minimal\bin\api-ms-win-crt-multibyte-l1-1-0.dll
[2026-07-07 17:35:55.319] [INFO] ISCC:    Compressing: E:\SHIO\LanguageStudySystem\EnglishStudySystem\jre-minimal\bin\api-ms-win-crt-private-l1-1-0.dll
[2026-07-07 17:35:55.320] [INFO] ISCC:    Compressing: E:\SHIO\LanguageStudySystem\EnglishStudySystem\jre-minimal\bin\api-ms-win-crt-process-l1-1-0.dll
[2026-07-07 17:35:55.321] [INFO] ISCC:    Compressing: E:\SHIO\LanguageStudySystem\EnglishStudySystem\jre-minimal\bin\api-ms-win-crt-runtime-l1-1-0.dll
[2026-07-07 17:35:55.322] [INFO] ISCC:    Compressing: E:\SHIO\LanguageStudySystem\EnglishStudySystem\jre-minimal\bin\api-ms-win-crt-stdio-l1-1-0.dll
[2026-07-07 17:35:55.322] [INFO] ISCC:    Compressing: E:\SHIO\LanguageStudySystem\EnglishStudySystem\jre-minimal\bin\api-ms-win-crt-string-l1-1-0.dll
[2026-07-07 17:35:55.323] [INFO] ISCC:    Compressing: E:\SHIO\LanguageStudySystem\EnglishStudySystem\jre-minimal\bin\api-ms-win-crt-time-l1-1-0.dll
[2026-07-07 17:35:55.324] [INFO] ISCC:    Compressing: E:\SHIO\LanguageStudySystem\EnglishStudySystem\jre-minimal\bin\api-ms-win-crt-utility-l1-1-0.dll
[2026-07-07 17:35:55.325] [INFO] ISCC:    Compressing: E:\SHIO\LanguageStudySystem\EnglishStudySystem\jre-minimal\bin\awt.dll
[2026-07-07 17:35:55.326] [INFO] ISCC:    Compressing: E:\SHIO\LanguageStudySystem\EnglishStudySystem\jre-minimal\bin\fontmanager.dll
[2026-07-07 17:35:55.327] [INFO] ISCC:    Compressing: E:\SHIO\LanguageStudySystem\EnglishStudySystem\jre-minimal\bin\freetype.dll
[2026-07-07 17:35:55.328] [INFO] ISCC:    Compressing: E:\SHIO\LanguageStudySystem\EnglishStudySystem\jre-minimal\bin\java.dll
[2026-07-07 17:35:55.329] [INFO] ISCC:    Compressing: E:\SHIO\LanguageStudySystem\EnglishStudySystem\jre-minimal\bin\java.exe
[2026-07-07 17:35:55.330] [INFO] ISCC:    Compressing: E:\SHIO\LanguageStudySystem\EnglishStudySystem\jre-minimal\bin\javajpeg.dll
[2026-07-07 17:35:55.330] [INFO] ISCC:    Compressing: E:\SHIO\LanguageStudySystem\EnglishStudySystem\jre-minimal\bin\javaw.exe
[2026-07-07 17:35:55.331] [INFO] ISCC:    Compressing: E:\SHIO\LanguageStudySystem\EnglishStudySystem\jre-minimal\bin\jawt.dll
[2026-07-07 17:35:55.332] [INFO] ISCC:    Compressing: E:\SHIO\LanguageStudySystem\EnglishStudySystem\jre-minimal\bin\jimage.dll
[2026-07-07 17:35:55.334] [INFO] ISCC:    Compressing: E:\SHIO\LanguageStudySystem\EnglishStudySystem\jre-minimal\bin\jli.dll
[2026-07-07 17:35:55.334] [INFO] ISCC:    Compressing: E:\SHIO\LanguageStudySystem\EnglishStudySystem\jre-minimal\bin\jsound.dll
[2026-07-07 17:35:55.335] [INFO] ISCC:    Compressing: E:\SHIO\LanguageStudySystem\EnglishStudySystem\jre-minimal\bin\keytool.exe
[2026-07-07 17:35:55.337] [INFO] ISCC:    Compressing: E:\SHIO\LanguageStudySystem\EnglishStudySystem\jre-minimal\bin\lcms.dll
[2026-07-07 17:35:55.338] [INFO] ISCC:    Compressing: E:\SHIO\LanguageStudySystem\EnglishStudySystem\jre-minimal\bin\mlib_image.dll
[2026-07-07 17:35:55.339] [INFO] ISCC:    Compressing: E:\SHIO\LanguageStudySystem\EnglishStudySystem\jre-minimal\bin\msvcp140.dll
[2026-07-07 17:35:55.340] [INFO] ISCC:    Compressing: E:\SHIO\LanguageStudySystem\EnglishStudySystem\jre-minimal\bin\net.dll
[2026-07-07 17:35:55.341] [INFO] ISCC:    Compressing: E:\SHIO\LanguageStudySystem\EnglishStudySystem\jre-minimal\bin\nio.dll
[2026-07-07 17:35:55.342] [INFO] ISCC:    Compressing: E:\SHIO\LanguageStudySystem\EnglishStudySystem\jre-minimal\bin\prefs.dll
[2026-07-07 17:35:55.343] [INFO] ISCC:    Compressing: E:\SHIO\LanguageStudySystem\EnglishStudySystem\jre-minimal\bin\splashscreen.dll
[2026-07-07 17:35:55.344] [INFO] ISCC:    Compressing: E:\SHIO\LanguageStudySystem\EnglishStudySystem\jre-minimal\bin\syslookup.dll
[2026-07-07 17:35:55.345] [INFO] ISCC:    Compressing: E:\SHIO\LanguageStudySystem\EnglishStudySystem\jre-minimal\bin\ucrtbase.dll
[2026-07-07 17:35:55.346] [INFO] ISCC:    Compressing: E:\SHIO\LanguageStudySystem\EnglishStudySystem\jre-minimal\bin\vcruntime140.dll
[2026-07-07 17:35:55.347] [INFO] ISCC:    Compressing: E:\SHIO\LanguageStudySystem\EnglishStudySystem\jre-minimal\bin\vcruntime140_1.dll
[2026-07-07 17:35:55.349] [INFO] ISCC:    Compressing: E:\SHIO\LanguageStudySystem\EnglishStudySystem\jre-minimal\bin\verify.dll
[2026-07-07 17:35:55.351] [INFO] ISCC:    Compressing: E:\SHIO\LanguageStudySystem\EnglishStudySystem\jre-minimal\bin\zip.dll
[2026-07-07 17:35:55.351] [INFO] ISCC:    Compressing: E:\SHIO\LanguageStudySystem\EnglishStudySystem\jre-minimal\bin\server\jvm.dll
[2026-07-07 17:35:55.352] [INFO] ISCC:    Compressing: E:\SHIO\LanguageStudySystem\EnglishStudySystem\jre-minimal\conf\jaxp-strict.properties.template
[2026-07-07 17:35:55.353] [INFO] ISCC:    Compressing: E:\SHIO\LanguageStudySystem\EnglishStudySystem\jre-minimal\conf\jaxp.properties
[2026-07-07 17:35:55.355] [INFO] ISCC:    Compressing: E:\SHIO\LanguageStudySystem\EnglishStudySystem\jre-minimal\conf\net.properties
[2026-07-07 17:35:55.356] [INFO] ISCC:    Compressing: E:\SHIO\LanguageStudySystem\EnglishStudySystem\jre-minimal\conf\sound.properties
[2026-07-07 17:35:55.356] [INFO] ISCC:    Compressing: E:\SHIO\LanguageStudySystem\EnglishStudySystem\jre-minimal\conf\security\java.security
[2026-07-07 17:35:55.357] [INFO] ISCC:    Compressing: E:\SHIO\LanguageStudySystem\EnglishStudySystem\jre-minimal\conf\security\policy\README.txt
[2026-07-07 17:35:55.358] [INFO] ISCC:    Compressing: E:\SHIO\LanguageStudySystem\EnglishStudySystem\jre-minimal\conf\security\policy\limited\default_local.policy
[2026-07-07 17:35:55.359] [INFO] ISCC:    Compressing: E:\SHIO\LanguageStudySystem\EnglishStudySystem\jre-minimal\conf\security\policy\limited\default_US_export.policy
[2026-07-07 17:35:55.360] [INFO] ISCC:    Compressing: E:\SHIO\LanguageStudySystem\EnglishStudySystem\jre-minimal\conf\security\policy\limited\exempt_local.policy
[2026-07-07 17:35:55.361] [INFO] ISCC:    Compressing: E:\SHIO\LanguageStudySystem\EnglishStudySystem\jre-minimal\conf\security\policy\unlimited\default_local.policy
[2026-07-07 17:35:55.362] [INFO] ISCC:    Compressing: E:\SHIO\LanguageStudySystem\EnglishStudySystem\jre-minimal\conf\security\policy\unlimited\default_US_export.policy
[2026-07-07 17:35:55.363] [INFO] ISCC:    Compressing: E:\SHIO\LanguageStudySystem\EnglishStudySystem\jre-minimal\legal\java.base\aes.md
[2026-07-07 17:35:55.364] [INFO] ISCC:    Compressing: E:\SHIO\LanguageStudySystem\EnglishStudySystem\jre-minimal\legal\java.base\asm.md
[2026-07-07 17:35:55.366] [INFO] ISCC:    Compressing: E:\SHIO\LanguageStudySystem\EnglishStudySystem\jre-minimal\legal\java.base\c-libutl.md
[2026-07-07 17:35:55.366] [INFO] ISCC:    Compressing: E:\SHIO\LanguageStudySystem\EnglishStudySystem\jre-minimal\legal\java.base\cldr.md
[2026-07-07 17:35:55.367] [INFO] ISCC:    Compressing: E:\SHIO\LanguageStudySystem\EnglishStudySystem\jre-minimal\legal\java.base\COPYRIGHT
[2026-07-07 17:35:55.368] [INFO] ISCC:    Compressing: E:\SHIO\LanguageStudySystem\EnglishStudySystem\jre-minimal\legal\java.base\icu.md
[2026-07-07 17:35:55.369] [INFO] ISCC:    Compressing: E:\SHIO\LanguageStudySystem\EnglishStudySystem\jre-minimal\legal\java.base\LICENSE
[2026-07-07 17:35:55.370] [INFO] ISCC:    Compressing: E:\SHIO\LanguageStudySystem\EnglishStudySystem\jre-minimal\legal\java.base\public_suffix.md
[2026-07-07 17:35:55.371] [INFO] ISCC:    Compressing: E:\SHIO\LanguageStudySystem\EnglishStudySystem\jre-minimal\legal\java.base\siphash.md
[2026-07-07 17:35:55.372] [INFO] ISCC:    Compressing: E:\SHIO\LanguageStudySystem\EnglishStudySystem\jre-minimal\legal\java.base\unicode.md
[2026-07-07 17:35:55.373] [INFO] ISCC:    Compressing: E:\SHIO\LanguageStudySystem\EnglishStudySystem\jre-minimal\legal\java.base\wepoll.md
[2026-07-07 17:35:55.375] [INFO] ISCC:    Compressing: E:\SHIO\LanguageStudySystem\EnglishStudySystem\jre-minimal\legal\java.base\zlib.md
[2026-07-07 17:35:55.376] [INFO] ISCC:    Compressing: E:\SHIO\LanguageStudySystem\EnglishStudySystem\jre-minimal\legal\java.datatransfer\COPYRIGHT
[2026-07-07 17:35:55.377] [INFO] ISCC:    Compressing: E:\SHIO\LanguageStudySystem\EnglishStudySystem\jre-minimal\legal\java.datatransfer\LICENSE
[2026-07-07 17:35:55.378] [INFO] ISCC:    Compressing: E:\SHIO\LanguageStudySystem\EnglishStudySystem\jre-minimal\legal\java.desktop\colorimaging.md
[2026-07-07 17:35:55.379] [INFO] ISCC:    Compressing: E:\SHIO\LanguageStudySystem\EnglishStudySystem\jre-minimal\legal\java.desktop\COPYRIGHT
[2026-07-07 17:35:55.380] [INFO] ISCC:    Compressing: E:\SHIO\LanguageStudySystem\EnglishStudySystem\jre-minimal\legal\java.desktop\freetype.md
[2026-07-07 17:35:55.381] [INFO] ISCC:    Compressing: E:\SHIO\LanguageStudySystem\EnglishStudySystem\jre-minimal\legal\java.desktop\giflib.md
[2026-07-07 17:35:55.382] [INFO] ISCC:    Compressing: E:\SHIO\LanguageStudySystem\EnglishStudySystem\jre-minimal\legal\java.desktop\harfbuzz.md
[2026-07-07 17:35:55.383] [INFO] ISCC:    Compressing: E:\SHIO\LanguageStudySystem\EnglishStudySystem\jre-minimal\legal\java.desktop\jpeg.md
[2026-07-07 17:35:55.384] [INFO] ISCC:    Compressing: E:\SHIO\LanguageStudySystem\EnglishStudySystem\jre-minimal\legal\java.desktop\lcms.md
[2026-07-07 17:35:55.386] [INFO] ISCC:    Compressing: E:\SHIO\LanguageStudySystem\EnglishStudySystem\jre-minimal\legal\java.desktop\libpng.md
[2026-07-07 17:35:55.387] [INFO] ISCC:    Compressing: E:\SHIO\LanguageStudySystem\EnglishStudySystem\jre-minimal\legal\java.desktop\LICENSE
[2026-07-07 17:35:55.387] [INFO] ISCC:    Compressing: E:\SHIO\LanguageStudySystem\EnglishStudySystem\jre-minimal\legal\java.desktop\mesa3d.md
[2026-07-07 17:35:55.389] [INFO] ISCC:    Compressing: E:\SHIO\LanguageStudySystem\EnglishStudySystem\jre-minimal\legal\java.prefs\COPYRIGHT
[2026-07-07 17:35:55.390] [INFO] ISCC:    Compressing: E:\SHIO\LanguageStudySystem\EnglishStudySystem\jre-minimal\legal\java.prefs\LICENSE
[2026-07-07 17:35:55.391] [INFO] ISCC:    Compressing: E:\SHIO\LanguageStudySystem\EnglishStudySystem\jre-minimal\legal\java.xml\bcel.md
[2026-07-07 17:35:55.392] [INFO] ISCC:    Compressing: E:\SHIO\LanguageStudySystem\EnglishStudySystem\jre-minimal\legal\java.xml\COPYRIGHT
[2026-07-07 17:35:55.393] [INFO] ISCC:    Compressing: E:\SHIO\LanguageStudySystem\EnglishStudySystem\jre-minimal\legal\java.xml\dom.md
[2026-07-07 17:35:55.394] [INFO] ISCC:    Compressing: E:\SHIO\LanguageStudySystem\EnglishStudySystem\jre-minimal\legal\java.xml\jcup.md
[2026-07-07 17:35:55.396] [INFO] ISCC:    Compressing: E:\SHIO\LanguageStudySystem\EnglishStudySystem\jre-minimal\legal\java.xml\LICENSE
[2026-07-07 17:35:55.397] [INFO] ISCC:    Compressing: E:\SHIO\LanguageStudySystem\EnglishStudySystem\jre-minimal\legal\java.xml\schema10part1.md
[2026-07-07 17:35:55.398] [INFO] ISCC:    Compressing: E:\SHIO\LanguageStudySystem\EnglishStudySystem\jre-minimal\legal\java.xml\schema10part2.md
[2026-07-07 17:35:55.399] [INFO] ISCC:    Compressing: E:\SHIO\LanguageStudySystem\EnglishStudySystem\jre-minimal\legal\java.xml\xalan.md
[2026-07-07 17:35:55.400] [INFO] ISCC:    Compressing: E:\SHIO\LanguageStudySystem\EnglishStudySystem\jre-minimal\legal\java.xml\xerces.md
[2026-07-07 17:35:55.401] [INFO] ISCC:    Compressing: E:\SHIO\LanguageStudySystem\EnglishStudySystem\jre-minimal\legal\java.xml\xhtml10.md
[2026-07-07 17:35:55.403] [INFO] ISCC:    Compressing: E:\SHIO\LanguageStudySystem\EnglishStudySystem\jre-minimal\legal\java.xml\xhtml10schema.md
[2026-07-07 17:35:55.403] [INFO] ISCC:    Compressing: E:\SHIO\LanguageStudySystem\EnglishStudySystem\jre-minimal\legal\java.xml\xhtml11.md
[2026-07-07 17:35:55.405] [INFO] ISCC:    Compressing: E:\SHIO\LanguageStudySystem\EnglishStudySystem\jre-minimal\legal\java.xml\xhtml11schema.md
[2026-07-07 17:35:55.406] [INFO] ISCC:    Compressing: E:\SHIO\LanguageStudySystem\EnglishStudySystem\jre-minimal\legal\java.xml\xmlspec.md
[2026-07-07 17:35:55.407] [INFO] ISCC:    Compressing: E:\SHIO\LanguageStudySystem\EnglishStudySystem\jre-minimal\legal\java.xml\xmlxsd.md
[2026-07-07 17:35:55.408] [INFO] ISCC:    Compressing: E:\SHIO\LanguageStudySystem\EnglishStudySystem\jre-minimal\lib\classlist
[2026-07-07 17:35:55.409] [INFO] ISCC:    Compressing: E:\SHIO\LanguageStudySystem\EnglishStudySystem\jre-minimal\lib\fontconfig.bfc
[2026-07-07 17:35:55.410] [INFO] ISCC:    Compressing: E:\SHIO\LanguageStudySystem\EnglishStudySystem\jre-minimal\lib\fontconfig.properties.src
[2026-07-07 17:35:55.411] [INFO] ISCC:    Compressing: E:\SHIO\LanguageStudySystem\EnglishStudySystem\jre-minimal\lib\jawt.lib
[2026-07-07 17:35:55.412] [INFO] ISCC:    Compressing: E:\SHIO\LanguageStudySystem\EnglishStudySystem\jre-minimal\lib\jrt-fs.jar
[2026-07-07 17:35:55.413] [INFO] ISCC:    Compressing: E:\SHIO\LanguageStudySystem\EnglishStudySystem\jre-minimal\lib\jvm.cfg
[2026-07-07 17:35:55.414] [INFO] ISCC:    Compressing: E:\SHIO\LanguageStudySystem\EnglishStudySystem\jre-minimal\lib\jvm.lib
[2026-07-07 17:35:55.416] [INFO] ISCC:    Compressing: E:\SHIO\LanguageStudySystem\EnglishStudySystem\jre-minimal\lib\modules
[2026-07-07 17:35:55.417] [INFO] ISCC:    Compressing: E:\SHIO\LanguageStudySystem\EnglishStudySystem\jre-minimal\lib\psfont.properties.ja
[2026-07-07 17:35:55.417] [INFO] ISCC:    Compressing: E:\SHIO\LanguageStudySystem\EnglishStudySystem\jre-minimal\lib\psfontj2d.properties
[2026-07-07 17:35:55.419] [INFO] ISCC:    Compressing: E:\SHIO\LanguageStudySystem\EnglishStudySystem\jre-minimal\lib\tzdb.dat
[2026-07-07 17:35:55.419] [INFO] ISCC:    Compressing: E:\SHIO\LanguageStudySystem\EnglishStudySystem\jre-minimal\lib\tzmappings
[2026-07-07 17:35:55.421] [INFO] ISCC:    Compressing: E:\SHIO\LanguageStudySystem\EnglishStudySystem\jre-minimal\lib\security\blocked.certs
[2026-07-07 17:35:55.422] [INFO] ISCC:    Compressing: E:\SHIO\LanguageStudySystem\EnglishStudySystem\jre-minimal\lib\security\cacerts
[2026-07-07 17:35:55.423] [INFO] ISCC:    Compressing: E:\SHIO\LanguageStudySystem\EnglishStudySystem\jre-minimal\lib\security\public_suffix_list.dat
[2026-07-07 17:35:55.424] [INFO] ISCC:    Compressing Setup program executable
[2026-07-07 17:35:55.425] [INFO] ISCC:    Updating version info (Setup.exe)
[2026-07-07 17:35:55.427] [INFO] ISCC:    Updating manifest (Setup.exe)
[2026-07-07 17:35:55.427] [INFO] ISCC: 
[2026-07-07 17:35:55.428] [INFO] ISCC: 
[2026-07-07 17:35:55.429] [INFO] ISCC: Successful compile (9.859 sec). Resulting Setup program filename is:
[2026-07-07 17:35:55.430] [INFO] ISCC: C:\ESS\鑻辫瀛︿範绯荤粺_2.2.0_Setup.exe
[2026-07-07 17:35:55.433] [SUCCESS] Inno Setup 编译完成
[2026-07-07 17:35:55.434] [INFO] 正在查找 Inno Setup 输出文件...
[2026-07-07 17:35:55.448] [INFO] 找到安装包: C:\ESS\英语学习系统_2.2.0_Setup.exe (修改时间: 07/07/2026 17:35:55)
[2026-07-07 17:35:55.453] [INFO] 正在归档安装包到历史目录...
[2026-07-07 17:35:55.480] [SUCCESS] 安装包已复制: E:\SHIO\LanguageStudySystem\ESS_history\英语学习系统_2.2.0_Setup.exe
[2026-07-07 17:35:55.481] [INFO] 正在生成 ZIP 归档...
[2026-07-07 17:35:56.573] [SUCCESS] ZIP 归档已生成: E:\SHIO\LanguageStudySystem\ESS_history\EnglishStudySystemV2.2.0.zip
[2026-07-07 17:35:56.576] [INFO] 已更新归档索引: [20260707_173555] Version=2.2.0 | 安装包: 英语学习系统_2.2.0_Setup.exe | ZIP: EnglishStudySystemV2.2.0.zip
[2026-07-07 17:35:56.577] [INFO] 正在清理临时文件...
[2026-07-07 17:35:56.585] [INFO] 已清理旧安装包: 英语学习系统_2.1.5_Setup.exe
[2026-07-07 17:35:56.596] [INFO] ========== 打包任务完成 (总耗时: 22.0541112F 秒) ==========
