[2026-06-18 21:23:45.215] [INFO] ========== 打包任务开始 ==========
[2026-06-18 21:23:45.222] [INFO] 正在检测项目路径...
[2026-06-18 21:23:45.226] [INFO] 项目根目录: E:\SHIO\LanguageStudySystem\JapStudySystem  ✓
[2026-06-18 21:23:45.229] [INFO] 历史归档目录: E:\SHIO\LanguageStudySystem\JSS_history  ✓
[2026-06-18 21:23:45.230] [INFO] Inno Setup 脚本文件: E:\SHIO\JapStudySystem_Setup.iss  ✓
[2026-06-18 21:23:45.233] [INFO] 正在自动检测 Inno Setup 安装路径...
[2026-06-18 21:23:45.237] [INFO] 在固定路径找到 Inno Setup: E:\SHIO\inno\Inno Setup 6\ISCC.exe
[2026-06-18 21:23:45.240] [SUCCESS] Inno Setup 路径: E:\SHIO\inno\Inno Setup 6\ISCC.exe
[2026-06-18 21:23:45.282] [INFO] 正在检测 Java 开发工具...
[2026-06-18 21:23:45.289] [INFO] 从系统 PATH 找到 javac: C:\Program Files\Common Files\Oracle\Java\javapath\javac.exe
[2026-06-18 21:23:45.298] [INFO] 从 .iss 文件读取版本号: 2.0.1
[2026-06-18 21:23:45.300] [SUCCESS] 本次打包版本号: 2.0.1
[2026-06-18 21:23:52.662] [INFO] 弹窗确认结束，使用版本: 3.0.5, 输出目录: E:\SHIO\LanguageStudySystem\JSS_history
[2026-06-18 21:23:52.669] [INFO] 发现源码目录: E:\SHIO\LanguageStudySystem\JapStudySystem_temp\JapStudySystem\src
[2026-06-18 21:23:52.675] [INFO] 正在编译 Java 源文件...
[2026-06-18 21:23:52.676] [INFO] 源文件目录: E:\SHIO\LanguageStudySystem\JapStudySystem_temp\JapStudySystem\src
[2026-06-18 21:23:52.678] [INFO] 输出目录: E:\SHIO\LanguageStudySystem\JapStudySystem\bin\classes
[2026-06-18 21:23:52.978] [INFO] javac 版本: javac 24.0.2
[2026-06-18 21:23:52.981] [INFO] 编译命令: "C:\Program Files\Common Files\Oracle\Java\javapath\javac.exe" -d "E:\SHIO\LanguageStudySystem\JapStudySystem\bin\classes" -encoding UTF-8 @"C:\Users\d8502\AppData\Local\Temp\javac_sources_20260618_212345.txt"
[2026-06-18 21:23:54.073] [SUCCESS] Java 编译完成
[2026-06-18 21:23:54.074] [INFO] 编译输出: 
[2026-06-18 21:23:54.078] [INFO] 正在打包 JAR 文件...
[2026-06-18 21:23:54.084] [INFO] 打包命令: "D:\Program Files\Java\jdk-24\bin\jar.exe" cfm "E:\SHIO\LanguageStudySystem\JapStudySystem\bin\JapanStudySystem.jar" "C:\Users\d8502\AppData\Local\Temp\manifest_20260618_212345\MANIFEST.MF" .
[2026-06-18 21:23:54.255] [SUCCESS] JAR 文件已生成: E:\SHIO\LanguageStudySystem\JapStudySystem\bin\JapanStudySystem.jar
[2026-06-18 21:23:54.261] [INFO] 正在通过 Inno Setup 编译安装包...
[2026-06-18 21:23:54.262] [INFO] ISCC 命令: "E:\SHIO\inno\Inno Setup 6\ISCC.exe" "E:\SHIO\JapStudySystem_Setup.iss" /DMyAppVersion=3.0.5
[2026-06-18 21:24:01.751] [INFO] Inno Setup 编译耗时: 7.4816497 秒
[2026-06-18 21:24:01.752] [INFO] ISCC: Inno Setup 6 Command-Line Compiler
[2026-06-18 21:24:01.754] [INFO] ISCC: Copyright (C) 1997-2026 Jordan Russell. All rights reserved.
[2026-06-18 21:24:01.755] [INFO] ISCC: Portions Copyright (C) 2000-2026 Martijn Laan. All rights reserved.
[2026-06-18 21:24:01.756] [INFO] ISCC: Portions Copyright (C) 2001-2004 Alex Yackimoff. All rights reserved.
[2026-06-18 21:24:01.757] [INFO] ISCC: https://www.innosetup.com
[2026-06-18 21:24:01.758] [INFO] ISCC: 
[2026-06-18 21:24:01.760] [INFO] ISCC: Compiler engine version: Inno Setup 6.7.1
[2026-06-18 21:24:01.761] [INFO] ISCC: Non-commercial use only
[2026-06-18 21:24:01.762] [INFO] ISCC: 
[2026-06-18 21:24:01.781] [INFO] ISCC: Preprocessing
[2026-06-18 21:24:01.783] [INFO] ISCC:    Reading file: E:\SHIO\inno\Inno Setup 6\ISPPBuiltins.iss
[2026-06-18 21:24:01.784] [INFO] ISCC: Parsing [Setup] section, line 16
[2026-06-18 21:24:01.785] [INFO] ISCC: Parsing [Setup] section, line 17
[2026-06-18 21:24:01.786] [INFO] ISCC: Parsing [Setup] section, line 18
[2026-06-18 21:24:01.787] [INFO] ISCC: Parsing [Setup] section, line 20
[2026-06-18 21:24:01.788] [INFO] ISCC: Parsing [Setup] section, line 21
[2026-06-18 21:24:01.790] [INFO] ISCC: Parsing [Setup] section, line 22
[2026-06-18 21:24:01.791] [INFO] ISCC: Parsing [Setup] section, line 23
[2026-06-18 21:24:01.792] [INFO] ISCC: Parsing [Setup] section, line 24
[2026-06-18 21:24:01.794] [INFO] ISCC: Parsing [Setup] section, line 25
[2026-06-18 21:24:01.794] [INFO] ISCC: Parsing [Setup] section, line 26
[2026-06-18 21:24:01.795] [INFO] ISCC: Parsing [Setup] section, line 29
[2026-06-18 21:24:01.796] [INFO] ISCC: Parsing [Setup] section, line 30
[2026-06-18 21:24:01.797] [INFO] ISCC: Parsing [Setup] section, line 31
[2026-06-18 21:24:01.798] [INFO] ISCC: Parsing [Setup] section, line 32
[2026-06-18 21:24:01.800] [INFO] ISCC: Parsing [Setup] section, line 33
[2026-06-18 21:24:01.801] [INFO] ISCC: Reading file (WizardImageFile)
[2026-06-18 21:24:01.802] [INFO] ISCC: Reading file (WizardSmallImageFile)
[2026-06-18 21:24:01.802] [INFO] ISCC: Reading file (WizardImageFileDynamicDark)
[2026-06-18 21:24:01.804] [INFO] ISCC: Reading file (WizardSmallImageFileDynamicDark)
[2026-06-18 21:24:01.805] [INFO] ISCC: Preparing Setup program executable
[2026-06-18 21:24:01.806] [INFO] ISCC:    Verification successful
[2026-06-18 21:24:01.807] [INFO] ISCC:    Updating icons and style (SetupCustomStyle.e32)
[2026-06-18 21:24:01.808] [INFO] ISCC:    Updating version info (SetupCustomStyle.e32)
[2026-06-18 21:24:01.809] [INFO] ISCC: Determining language code pages
[2026-06-18 21:24:01.810] [INFO] ISCC: Parsing [Languages] section, line 36
[2026-06-18 21:24:01.811] [INFO] ISCC:    Reading file: E:\SHIO\inno\Inno Setup 6\Default.isl
[2026-06-18 21:24:01.811] [INFO] ISCC:    Messages in script file
[2026-06-18 21:24:01.812] [INFO] ISCC: Reading default messages from Default.isl
[2026-06-18 21:24:01.814] [INFO] ISCC: Parsing [Languages] section, line 36
[2026-06-18 21:24:01.814] [INFO] ISCC:    Reading file: E:\SHIO\inno\Inno Setup 6\Default.isl
[2026-06-18 21:24:01.816] [INFO] ISCC: Parsing [LangOptions], [Messages], and [CustomMessages] sections
[2026-06-18 21:24:01.817] [INFO] ISCC:    Messages in script file
[2026-06-18 21:24:01.817] [INFO] ISCC: Reading [Code] section
[2026-06-18 21:24:01.819] [INFO] ISCC: Parsing [Tasks] section, line 39
[2026-06-18 21:24:01.820] [INFO] ISCC: Parsing [Icons] section, line 50
[2026-06-18 21:24:01.820] [INFO] ISCC: Parsing [Icons] section, line 51
[2026-06-18 21:24:01.821] [INFO] ISCC: Parsing [Run] section, line 54
[2026-06-18 21:24:01.823] [INFO] ISCC: Parsing [Files] section, line 42
[2026-06-18 21:24:01.824] [INFO] ISCC: Parsing [Files] section, line 43
[2026-06-18 21:24:01.825] [INFO] ISCC: Parsing [Files] section, line 44
[2026-06-18 21:24:01.826] [INFO] ISCC: Parsing [Files] section, line 45
[2026-06-18 21:24:01.827] [INFO] ISCC: Parsing [Files] section, line 46
[2026-06-18 21:24:01.828] [INFO] ISCC: Deleting 日语学习系统_3.0.5_Setup.exe from output directory
[2026-06-18 21:24:01.829] [INFO] ISCC: Creating setup files
[2026-06-18 21:24:01.830] [INFO] ISCC:    Verification successful
[2026-06-18 21:24:01.831] [INFO] ISCC:    Updating icons (Setup.exe)
[2026-06-18 21:24:01.832] [INFO] ISCC:    Compressing: E:\SHIO\LanguageStudySystem\JapStudySystem\run.vbs
[2026-06-18 21:24:01.833] [INFO] ISCC:    Compressing: E:\SHIO\LanguageStudySystem\JapStudySystem\run.bat
[2026-06-18 21:24:01.834] [INFO] ISCC:    Compressing: E:\SHIO\LanguageStudySystem\JapStudySystem\app.ico
[2026-06-18 21:24:01.835] [INFO] ISCC:    Compressing: E:\SHIO\LanguageStudySystem\JapStudySystem\bin\JapanStudySystem.jar
[2026-06-18 21:24:01.836] [INFO] ISCC:    Compressing: E:\SHIO\LanguageStudySystem\JapStudySystem\jre-minimal\release
[2026-06-18 21:24:01.837] [INFO] ISCC:    Compressing: E:\SHIO\LanguageStudySystem\JapStudySystem\jre-minimal\bin\api-ms-win-core-console-l1-1-0.dll
[2026-06-18 21:24:01.838] [INFO] ISCC:    Compressing: E:\SHIO\LanguageStudySystem\JapStudySystem\jre-minimal\bin\api-ms-win-core-console-l1-2-0.dll
[2026-06-18 21:24:01.838] [INFO] ISCC:    Compressing: E:\SHIO\LanguageStudySystem\JapStudySystem\jre-minimal\bin\api-ms-win-core-datetime-l1-1-0.dll
[2026-06-18 21:24:01.840] [INFO] ISCC:    Compressing: E:\SHIO\LanguageStudySystem\JapStudySystem\jre-minimal\bin\api-ms-win-core-debug-l1-1-0.dll
[2026-06-18 21:24:01.841] [INFO] ISCC:    Compressing: E:\SHIO\LanguageStudySystem\JapStudySystem\jre-minimal\bin\api-ms-win-core-errorhandling-l1-1-0.dll
[2026-06-18 21:24:01.842] [INFO] ISCC:    Compressing: E:\SHIO\LanguageStudySystem\JapStudySystem\jre-minimal\bin\api-ms-win-core-fibers-l1-1-0.dll
[2026-06-18 21:24:01.843] [INFO] ISCC:    Compressing: E:\SHIO\LanguageStudySystem\JapStudySystem\jre-minimal\bin\api-ms-win-core-file-l1-1-0.dll
[2026-06-18 21:24:01.844] [INFO] ISCC:    Compressing: E:\SHIO\LanguageStudySystem\JapStudySystem\jre-minimal\bin\api-ms-win-core-file-l1-2-0.dll
[2026-06-18 21:24:01.845] [INFO] ISCC:    Compressing: E:\SHIO\LanguageStudySystem\JapStudySystem\jre-minimal\bin\api-ms-win-core-file-l2-1-0.dll
[2026-06-18 21:24:01.846] [INFO] ISCC:    Compressing: E:\SHIO\LanguageStudySystem\JapStudySystem\jre-minimal\bin\api-ms-win-core-handle-l1-1-0.dll
[2026-06-18 21:24:01.885] [INFO] ISCC:    Compressing: E:\SHIO\LanguageStudySystem\JapStudySystem\jre-minimal\bin\api-ms-win-core-heap-l1-1-0.dll
[2026-06-18 21:24:01.886] [INFO] ISCC:    Compressing: E:\SHIO\LanguageStudySystem\JapStudySystem\jre-minimal\bin\api-ms-win-core-interlocked-l1-1-0.dll
[2026-06-18 21:24:01.886] [INFO] ISCC:    Compressing: E:\SHIO\LanguageStudySystem\JapStudySystem\jre-minimal\bin\api-ms-win-core-libraryloader-l1-1-0.dll
[2026-06-18 21:24:01.887] [INFO] ISCC:    Compressing: E:\SHIO\LanguageStudySystem\JapStudySystem\jre-minimal\bin\api-ms-win-core-localization-l1-2-0.dll
[2026-06-18 21:24:01.888] [INFO] ISCC:    Compressing: E:\SHIO\LanguageStudySystem\JapStudySystem\jre-minimal\bin\api-ms-win-core-memory-l1-1-0.dll
[2026-06-18 21:24:01.889] [INFO] ISCC:    Compressing: E:\SHIO\LanguageStudySystem\JapStudySystem\jre-minimal\bin\api-ms-win-core-namedpipe-l1-1-0.dll
[2026-06-18 21:24:01.890] [INFO] ISCC:    Compressing: E:\SHIO\LanguageStudySystem\JapStudySystem\jre-minimal\bin\api-ms-win-core-processenvironment-l1-1-0.dll
[2026-06-18 21:24:01.891] [INFO] ISCC:    Compressing: E:\SHIO\LanguageStudySystem\JapStudySystem\jre-minimal\bin\api-ms-win-core-processthreads-l1-1-0.dll
[2026-06-18 21:24:01.891] [INFO] ISCC:    Compressing: E:\SHIO\LanguageStudySystem\JapStudySystem\jre-minimal\bin\api-ms-win-core-processthreads-l1-1-1.dll
[2026-06-18 21:24:01.892] [INFO] ISCC:    Compressing: E:\SHIO\LanguageStudySystem\JapStudySystem\jre-minimal\bin\api-ms-win-core-profile-l1-1-0.dll
[2026-06-18 21:24:01.894] [INFO] ISCC:    Compressing: E:\SHIO\LanguageStudySystem\JapStudySystem\jre-minimal\bin\api-ms-win-core-rtlsupport-l1-1-0.dll
[2026-06-18 21:24:01.894] [INFO] ISCC:    Compressing: E:\SHIO\LanguageStudySystem\JapStudySystem\jre-minimal\bin\api-ms-win-core-string-l1-1-0.dll
[2026-06-18 21:24:01.895] [INFO] ISCC:    Compressing: E:\SHIO\LanguageStudySystem\JapStudySystem\jre-minimal\bin\api-ms-win-core-synch-l1-1-0.dll
[2026-06-18 21:24:01.896] [INFO] ISCC:    Compressing: E:\SHIO\LanguageStudySystem\JapStudySystem\jre-minimal\bin\api-ms-win-core-synch-l1-2-0.dll
[2026-06-18 21:24:01.896] [INFO] ISCC:    Compressing: E:\SHIO\LanguageStudySystem\JapStudySystem\jre-minimal\bin\api-ms-win-core-sysinfo-l1-1-0.dll
[2026-06-18 21:24:01.897] [INFO] ISCC:    Compressing: E:\SHIO\LanguageStudySystem\JapStudySystem\jre-minimal\bin\api-ms-win-core-timezone-l1-1-0.dll
[2026-06-18 21:24:01.898] [INFO] ISCC:    Compressing: E:\SHIO\LanguageStudySystem\JapStudySystem\jre-minimal\bin\api-ms-win-core-util-l1-1-0.dll
[2026-06-18 21:24:01.898] [INFO] ISCC:    Compressing: E:\SHIO\LanguageStudySystem\JapStudySystem\jre-minimal\bin\api-ms-win-crt-conio-l1-1-0.dll
[2026-06-18 21:24:01.900] [INFO] ISCC:    Compressing: E:\SHIO\LanguageStudySystem\JapStudySystem\jre-minimal\bin\api-ms-win-crt-convert-l1-1-0.dll
[2026-06-18 21:24:01.901] [INFO] ISCC:    Compressing: E:\SHIO\LanguageStudySystem\JapStudySystem\jre-minimal\bin\api-ms-win-crt-environment-l1-1-0.dll
[2026-06-18 21:24:01.902] [INFO] ISCC:    Compressing: E:\SHIO\LanguageStudySystem\JapStudySystem\jre-minimal\bin\api-ms-win-crt-filesystem-l1-1-0.dll
[2026-06-18 21:24:01.903] [INFO] ISCC:    Compressing: E:\SHIO\LanguageStudySystem\JapStudySystem\jre-minimal\bin\api-ms-win-crt-heap-l1-1-0.dll
[2026-06-18 21:24:01.904] [INFO] ISCC:    Compressing: E:\SHIO\LanguageStudySystem\JapStudySystem\jre-minimal\bin\api-ms-win-crt-locale-l1-1-0.dll
[2026-06-18 21:24:01.904] [INFO] ISCC:    Compressing: E:\SHIO\LanguageStudySystem\JapStudySystem\jre-minimal\bin\api-ms-win-crt-math-l1-1-0.dll
[2026-06-18 21:24:01.906] [INFO] ISCC:    Compressing: E:\SHIO\LanguageStudySystem\JapStudySystem\jre-minimal\bin\api-ms-win-crt-multibyte-l1-1-0.dll
[2026-06-18 21:24:01.907] [INFO] ISCC:    Compressing: E:\SHIO\LanguageStudySystem\JapStudySystem\jre-minimal\bin\api-ms-win-crt-private-l1-1-0.dll
[2026-06-18 21:24:01.907] [INFO] ISCC:    Compressing: E:\SHIO\LanguageStudySystem\JapStudySystem\jre-minimal\bin\api-ms-win-crt-process-l1-1-0.dll
[2026-06-18 21:24:01.908] [INFO] ISCC:    Compressing: E:\SHIO\LanguageStudySystem\JapStudySystem\jre-minimal\bin\api-ms-win-crt-runtime-l1-1-0.dll
[2026-06-18 21:24:01.909] [INFO] ISCC:    Compressing: E:\SHIO\LanguageStudySystem\JapStudySystem\jre-minimal\bin\api-ms-win-crt-stdio-l1-1-0.dll
[2026-06-18 21:24:01.911] [INFO] ISCC:    Compressing: E:\SHIO\LanguageStudySystem\JapStudySystem\jre-minimal\bin\api-ms-win-crt-string-l1-1-0.dll
[2026-06-18 21:24:01.912] [INFO] ISCC:    Compressing: E:\SHIO\LanguageStudySystem\JapStudySystem\jre-minimal\bin\api-ms-win-crt-time-l1-1-0.dll
[2026-06-18 21:24:01.913] [INFO] ISCC:    Compressing: E:\SHIO\LanguageStudySystem\JapStudySystem\jre-minimal\bin\api-ms-win-crt-utility-l1-1-0.dll
[2026-06-18 21:24:01.914] [INFO] ISCC:    Compressing: E:\SHIO\LanguageStudySystem\JapStudySystem\jre-minimal\bin\awt.dll
[2026-06-18 21:24:01.915] [INFO] ISCC:    Compressing: E:\SHIO\LanguageStudySystem\JapStudySystem\jre-minimal\bin\fontmanager.dll
[2026-06-18 21:24:01.916] [INFO] ISCC:    Compressing: E:\SHIO\LanguageStudySystem\JapStudySystem\jre-minimal\bin\freetype.dll
[2026-06-18 21:24:01.916] [INFO] ISCC:    Compressing: E:\SHIO\LanguageStudySystem\JapStudySystem\jre-minimal\bin\java.dll
[2026-06-18 21:24:01.917] [INFO] ISCC:    Compressing: E:\SHIO\LanguageStudySystem\JapStudySystem\jre-minimal\bin\java.exe
[2026-06-18 21:24:01.918] [INFO] ISCC:    Compressing: E:\SHIO\LanguageStudySystem\JapStudySystem\jre-minimal\bin\javajpeg.dll
[2026-06-18 21:24:01.919] [INFO] ISCC:    Compressing: E:\SHIO\LanguageStudySystem\JapStudySystem\jre-minimal\bin\javaw.exe
[2026-06-18 21:24:01.920] [INFO] ISCC:    Compressing: E:\SHIO\LanguageStudySystem\JapStudySystem\jre-minimal\bin\jawt.dll
[2026-06-18 21:24:01.922] [INFO] ISCC:    Compressing: E:\SHIO\LanguageStudySystem\JapStudySystem\jre-minimal\bin\jimage.dll
[2026-06-18 21:24:01.923] [INFO] ISCC:    Compressing: E:\SHIO\LanguageStudySystem\JapStudySystem\jre-minimal\bin\jli.dll
[2026-06-18 21:24:01.923] [INFO] ISCC:    Compressing: E:\SHIO\LanguageStudySystem\JapStudySystem\jre-minimal\bin\jsound.dll
[2026-06-18 21:24:01.924] [INFO] ISCC:    Compressing: E:\SHIO\LanguageStudySystem\JapStudySystem\jre-minimal\bin\keytool.exe
[2026-06-18 21:24:01.925] [INFO] ISCC:    Compressing: E:\SHIO\LanguageStudySystem\JapStudySystem\jre-minimal\bin\lcms.dll
[2026-06-18 21:24:01.926] [INFO] ISCC:    Compressing: E:\SHIO\LanguageStudySystem\JapStudySystem\jre-minimal\bin\mlib_image.dll
[2026-06-18 21:24:01.927] [INFO] ISCC:    Compressing: E:\SHIO\LanguageStudySystem\JapStudySystem\jre-minimal\bin\msvcp140.dll
[2026-06-18 21:24:01.928] [INFO] ISCC:    Compressing: E:\SHIO\LanguageStudySystem\JapStudySystem\jre-minimal\bin\net.dll
[2026-06-18 21:24:01.929] [INFO] ISCC:    Compressing: E:\SHIO\LanguageStudySystem\JapStudySystem\jre-minimal\bin\nio.dll
[2026-06-18 21:24:01.930] [INFO] ISCC:    Compressing: E:\SHIO\LanguageStudySystem\JapStudySystem\jre-minimal\bin\prefs.dll
[2026-06-18 21:24:01.931] [INFO] ISCC:    Compressing: E:\SHIO\LanguageStudySystem\JapStudySystem\jre-minimal\bin\splashscreen.dll
[2026-06-18 21:24:01.932] [INFO] ISCC:    Compressing: E:\SHIO\LanguageStudySystem\JapStudySystem\jre-minimal\bin\syslookup.dll
[2026-06-18 21:24:01.932] [INFO] ISCC:    Compressing: E:\SHIO\LanguageStudySystem\JapStudySystem\jre-minimal\bin\ucrtbase.dll
[2026-06-18 21:24:01.934] [INFO] ISCC:    Compressing: E:\SHIO\LanguageStudySystem\JapStudySystem\jre-minimal\bin\vcruntime140.dll
[2026-06-18 21:24:01.935] [INFO] ISCC:    Compressing: E:\SHIO\LanguageStudySystem\JapStudySystem\jre-minimal\bin\vcruntime140_1.dll
[2026-06-18 21:24:01.936] [INFO] ISCC:    Compressing: E:\SHIO\LanguageStudySystem\JapStudySystem\jre-minimal\bin\verify.dll
[2026-06-18 21:24:01.937] [INFO] ISCC:    Compressing: E:\SHIO\LanguageStudySystem\JapStudySystem\jre-minimal\bin\zip.dll
[2026-06-18 21:24:01.938] [INFO] ISCC:    Compressing: E:\SHIO\LanguageStudySystem\JapStudySystem\jre-minimal\bin\server\jvm.dll
[2026-06-18 21:24:01.939] [INFO] ISCC:    Compressing: E:\SHIO\LanguageStudySystem\JapStudySystem\jre-minimal\conf\jaxp-strict.properties.template
[2026-06-18 21:24:01.940] [INFO] ISCC:    Compressing: E:\SHIO\LanguageStudySystem\JapStudySystem\jre-minimal\conf\jaxp.properties
[2026-06-18 21:24:01.941] [INFO] ISCC:    Compressing: E:\SHIO\LanguageStudySystem\JapStudySystem\jre-minimal\conf\net.properties
[2026-06-18 21:24:01.942] [INFO] ISCC:    Compressing: E:\SHIO\LanguageStudySystem\JapStudySystem\jre-minimal\conf\sound.properties
[2026-06-18 21:24:01.942] [INFO] ISCC:    Compressing: E:\SHIO\LanguageStudySystem\JapStudySystem\jre-minimal\conf\security\java.security
[2026-06-18 21:24:01.944] [INFO] ISCC:    Compressing: E:\SHIO\LanguageStudySystem\JapStudySystem\jre-minimal\conf\security\policy\README.txt
[2026-06-18 21:24:01.945] [INFO] ISCC:    Compressing: E:\SHIO\LanguageStudySystem\JapStudySystem\jre-minimal\conf\security\policy\limited\default_local.policy
[2026-06-18 21:24:01.947] [INFO] ISCC:    Compressing: E:\SHIO\LanguageStudySystem\JapStudySystem\jre-minimal\conf\security\policy\limited\default_US_export.policy
[2026-06-18 21:24:01.948] [INFO] ISCC:    Compressing: E:\SHIO\LanguageStudySystem\JapStudySystem\jre-minimal\conf\security\policy\limited\exempt_local.policy
[2026-06-18 21:24:01.949] [INFO] ISCC:    Compressing: E:\SHIO\LanguageStudySystem\JapStudySystem\jre-minimal\conf\security\policy\unlimited\default_local.policy
[2026-06-18 21:24:01.950] [INFO] ISCC:    Compressing: E:\SHIO\LanguageStudySystem\JapStudySystem\jre-minimal\conf\security\policy\unlimited\default_US_export.policy
[2026-06-18 21:24:01.951] [INFO] ISCC:    Compressing: E:\SHIO\LanguageStudySystem\JapStudySystem\jre-minimal\legal\java.base\aes.md
[2026-06-18 21:24:01.951] [INFO] ISCC:    Compressing: E:\SHIO\LanguageStudySystem\JapStudySystem\jre-minimal\legal\java.base\asm.md
[2026-06-18 21:24:01.952] [INFO] ISCC:    Compressing: E:\SHIO\LanguageStudySystem\JapStudySystem\jre-minimal\legal\java.base\c-libutl.md
[2026-06-18 21:24:01.953] [INFO] ISCC:    Compressing: E:\SHIO\LanguageStudySystem\JapStudySystem\jre-minimal\legal\java.base\cldr.md
[2026-06-18 21:24:01.954] [INFO] ISCC:    Compressing: E:\SHIO\LanguageStudySystem\JapStudySystem\jre-minimal\legal\java.base\COPYRIGHT
[2026-06-18 21:24:01.955] [INFO] ISCC:    Compressing: E:\SHIO\LanguageStudySystem\JapStudySystem\jre-minimal\legal\java.base\icu.md
[2026-06-18 21:24:01.956] [INFO] ISCC:    Compressing: E:\SHIO\LanguageStudySystem\JapStudySystem\jre-minimal\legal\java.base\LICENSE
[2026-06-18 21:24:01.957] [INFO] ISCC:    Compressing: E:\SHIO\LanguageStudySystem\JapStudySystem\jre-minimal\legal\java.base\public_suffix.md
[2026-06-18 21:24:01.958] [INFO] ISCC:    Compressing: E:\SHIO\LanguageStudySystem\JapStudySystem\jre-minimal\legal\java.base\siphash.md
[2026-06-18 21:24:01.960] [INFO] ISCC:    Compressing: E:\SHIO\LanguageStudySystem\JapStudySystem\jre-minimal\legal\java.base\unicode.md
[2026-06-18 21:24:01.961] [INFO] ISCC:    Compressing: E:\SHIO\LanguageStudySystem\JapStudySystem\jre-minimal\legal\java.base\wepoll.md
[2026-06-18 21:24:01.962] [INFO] ISCC:    Compressing: E:\SHIO\LanguageStudySystem\JapStudySystem\jre-minimal\legal\java.base\zlib.md
[2026-06-18 21:24:01.963] [INFO] ISCC:    Compressing: E:\SHIO\LanguageStudySystem\JapStudySystem\jre-minimal\legal\java.datatransfer\COPYRIGHT
[2026-06-18 21:24:01.964] [INFO] ISCC:    Compressing: E:\SHIO\LanguageStudySystem\JapStudySystem\jre-minimal\legal\java.datatransfer\LICENSE
[2026-06-18 21:24:01.965] [INFO] ISCC:    Compressing: E:\SHIO\LanguageStudySystem\JapStudySystem\jre-minimal\legal\java.desktop\colorimaging.md
[2026-06-18 21:24:01.966] [INFO] ISCC:    Compressing: E:\SHIO\LanguageStudySystem\JapStudySystem\jre-minimal\legal\java.desktop\COPYRIGHT
[2026-06-18 21:24:01.967] [INFO] ISCC:    Compressing: E:\SHIO\LanguageStudySystem\JapStudySystem\jre-minimal\legal\java.desktop\freetype.md
[2026-06-18 21:24:01.968] [INFO] ISCC:    Compressing: E:\SHIO\LanguageStudySystem\JapStudySystem\jre-minimal\legal\java.desktop\giflib.md
[2026-06-18 21:24:01.968] [INFO] ISCC:    Compressing: E:\SHIO\LanguageStudySystem\JapStudySystem\jre-minimal\legal\java.desktop\harfbuzz.md
[2026-06-18 21:24:01.970] [INFO] ISCC:    Compressing: E:\SHIO\LanguageStudySystem\JapStudySystem\jre-minimal\legal\java.desktop\jpeg.md
[2026-06-18 21:24:01.971] [INFO] ISCC:    Compressing: E:\SHIO\LanguageStudySystem\JapStudySystem\jre-minimal\legal\java.desktop\lcms.md
[2026-06-18 21:24:01.972] [INFO] ISCC:    Compressing: E:\SHIO\LanguageStudySystem\JapStudySystem\jre-minimal\legal\java.desktop\libpng.md
[2026-06-18 21:24:01.974] [INFO] ISCC:    Compressing: E:\SHIO\LanguageStudySystem\JapStudySystem\jre-minimal\legal\java.desktop\LICENSE
[2026-06-18 21:24:01.975] [INFO] ISCC:    Compressing: E:\SHIO\LanguageStudySystem\JapStudySystem\jre-minimal\legal\java.desktop\mesa3d.md
[2026-06-18 21:24:01.976] [INFO] ISCC:    Compressing: E:\SHIO\LanguageStudySystem\JapStudySystem\jre-minimal\legal\java.prefs\COPYRIGHT
[2026-06-18 21:24:01.976] [INFO] ISCC:    Compressing: E:\SHIO\LanguageStudySystem\JapStudySystem\jre-minimal\legal\java.prefs\LICENSE
[2026-06-18 21:24:01.977] [INFO] ISCC:    Compressing: E:\SHIO\LanguageStudySystem\JapStudySystem\jre-minimal\legal\java.xml\bcel.md
[2026-06-18 21:24:01.978] [INFO] ISCC:    Compressing: E:\SHIO\LanguageStudySystem\JapStudySystem\jre-minimal\legal\java.xml\COPYRIGHT
[2026-06-18 21:24:01.980] [INFO] ISCC:    Compressing: E:\SHIO\LanguageStudySystem\JapStudySystem\jre-minimal\legal\java.xml\dom.md
[2026-06-18 21:24:01.981] [INFO] ISCC:    Compressing: E:\SHIO\LanguageStudySystem\JapStudySystem\jre-minimal\legal\java.xml\jcup.md
[2026-06-18 21:24:01.982] [INFO] ISCC:    Compressing: E:\SHIO\LanguageStudySystem\JapStudySystem\jre-minimal\legal\java.xml\LICENSE
[2026-06-18 21:24:01.983] [INFO] ISCC:    Compressing: E:\SHIO\LanguageStudySystem\JapStudySystem\jre-minimal\legal\java.xml\schema10part1.md
[2026-06-18 21:24:01.984] [INFO] ISCC:    Compressing: E:\SHIO\LanguageStudySystem\JapStudySystem\jre-minimal\legal\java.xml\schema10part2.md
[2026-06-18 21:24:01.985] [INFO] ISCC:    Compressing: E:\SHIO\LanguageStudySystem\JapStudySystem\jre-minimal\legal\java.xml\xalan.md
[2026-06-18 21:24:01.986] [INFO] ISCC:    Compressing: E:\SHIO\LanguageStudySystem\JapStudySystem\jre-minimal\legal\java.xml\xerces.md
[2026-06-18 21:24:01.988] [INFO] ISCC:    Compressing: E:\SHIO\LanguageStudySystem\JapStudySystem\jre-minimal\legal\java.xml\xhtml10.md
[2026-06-18 21:24:01.988] [INFO] ISCC:    Compressing: E:\SHIO\LanguageStudySystem\JapStudySystem\jre-minimal\legal\java.xml\xhtml10schema.md
[2026-06-18 21:24:01.989] [INFO] ISCC:    Compressing: E:\SHIO\LanguageStudySystem\JapStudySystem\jre-minimal\legal\java.xml\xhtml11.md
[2026-06-18 21:24:01.990] [INFO] ISCC:    Compressing: E:\SHIO\LanguageStudySystem\JapStudySystem\jre-minimal\legal\java.xml\xhtml11schema.md
[2026-06-18 21:24:01.991] [INFO] ISCC:    Compressing: E:\SHIO\LanguageStudySystem\JapStudySystem\jre-minimal\legal\java.xml\xmlspec.md
[2026-06-18 21:24:01.992] [INFO] ISCC:    Compressing: E:\SHIO\LanguageStudySystem\JapStudySystem\jre-minimal\legal\java.xml\xmlxsd.md
[2026-06-18 21:24:01.994] [INFO] ISCC:    Compressing: E:\SHIO\LanguageStudySystem\JapStudySystem\jre-minimal\lib\classlist
[2026-06-18 21:24:01.995] [INFO] ISCC:    Compressing: E:\SHIO\LanguageStudySystem\JapStudySystem\jre-minimal\lib\fontconfig.bfc
[2026-06-18 21:24:01.996] [INFO] ISCC:    Compressing: E:\SHIO\LanguageStudySystem\JapStudySystem\jre-minimal\lib\fontconfig.properties.src
[2026-06-18 21:24:01.997] [INFO] ISCC:    Compressing: E:\SHIO\LanguageStudySystem\JapStudySystem\jre-minimal\lib\jawt.lib
[2026-06-18 21:24:01.998] [INFO] ISCC:    Compressing: E:\SHIO\LanguageStudySystem\JapStudySystem\jre-minimal\lib\jrt-fs.jar
[2026-06-18 21:24:01.999] [INFO] ISCC:    Compressing: E:\SHIO\LanguageStudySystem\JapStudySystem\jre-minimal\lib\jvm.cfg
[2026-06-18 21:24:01.999] [INFO] ISCC:    Compressing: E:\SHIO\LanguageStudySystem\JapStudySystem\jre-minimal\lib\jvm.lib
[2026-06-18 21:24:02.000] [INFO] ISCC:    Compressing: E:\SHIO\LanguageStudySystem\JapStudySystem\jre-minimal\lib\modules
[2026-06-18 21:24:02.002] [INFO] ISCC:    Compressing: E:\SHIO\LanguageStudySystem\JapStudySystem\jre-minimal\lib\psfont.properties.ja
[2026-06-18 21:24:02.003] [INFO] ISCC:    Compressing: E:\SHIO\LanguageStudySystem\JapStudySystem\jre-minimal\lib\psfontj2d.properties
[2026-06-18 21:24:02.004] [INFO] ISCC:    Compressing: E:\SHIO\LanguageStudySystem\JapStudySystem\jre-minimal\lib\tzdb.dat
[2026-06-18 21:24:02.005] [INFO] ISCC:    Compressing: E:\SHIO\LanguageStudySystem\JapStudySystem\jre-minimal\lib\tzmappings
[2026-06-18 21:24:02.006] [INFO] ISCC:    Compressing: E:\SHIO\LanguageStudySystem\JapStudySystem\jre-minimal\lib\security\blocked.certs
[2026-06-18 21:24:02.007] [INFO] ISCC:    Compressing: E:\SHIO\LanguageStudySystem\JapStudySystem\jre-minimal\lib\security\cacerts
[2026-06-18 21:24:02.008] [INFO] ISCC:    Compressing: E:\SHIO\LanguageStudySystem\JapStudySystem\jre-minimal\lib\security\public_suffix_list.dat
[2026-06-18 21:24:02.009] [INFO] ISCC:    Compressing Setup program executable
[2026-06-18 21:24:02.010] [INFO] ISCC:    Updating version info (Setup.exe)
[2026-06-18 21:24:02.010] [INFO] ISCC:    Updating manifest (Setup.exe)
[2026-06-18 21:24:02.012] [INFO] ISCC: 
[2026-06-18 21:24:02.013] [INFO] ISCC: 
[2026-06-18 21:24:02.014] [INFO] ISCC: Successful compile (7.438 sec). Resulting Setup program filename is:
[2026-06-18 21:24:02.015] [INFO] ISCC: C:\JSS\日语学习系统_3.0.5_Setup.exe
[2026-06-18 21:24:02.016] [SUCCESS] Inno Setup 编译完成
[2026-06-18 21:24:02.018] [INFO] 正在查找 Inno Setup 输出文件...
[2026-06-18 21:24:02.026] [INFO] 找到安装包: C:\JSS\日语学习系统_3.0.5_Setup.exe (修改时间: 06/18/2026 21:24:01)
[2026-06-18 21:24:02.031] [INFO] 正在归档安装包到历史目录...
[2026-06-18 21:24:02.045] [SUCCESS] 安装包已复制: E:\SHIO\LanguageStudySystem\JSS_history\日语学习系统_3.0.5_Setup.exe
[2026-06-18 21:24:02.046] [INFO] 正在生成 ZIP 归档...
[2026-06-18 21:24:02.873] [SUCCESS] ZIP 归档已生成: E:\SHIO\LanguageStudySystem\JSS_history\JapStudySystemV3.0.5.zip
[2026-06-18 21:24:02.875] [INFO] 已更新归档索引: [20260618_212402] Version=3.0.5 | 安装包: 日语学习系统_3.0.5_Setup.exe | ZIP: JapStudySystemV3.0.5.zip
[2026-06-18 21:24:02.876] [INFO] 正在清理临时文件...
[2026-06-18 21:24:02.891] [INFO] ========== 打包任务完成 (总耗时: 17.6961354F 秒) ==========
